Component: ARM Compiler 5.06 update 5 (build 528) Tool: armlink [4d35e2]

==============================================================================

Section Cross References

    startup_stm32f10x_md.o(STACK) refers (Special) to heapauxi.o(.text) for __use_two_region_memory
    startup_stm32f10x_md.o(HEAP) refers (Special) to heapauxi.o(.text) for __use_two_region_memory
    startup_stm32f10x_md.o(RESET) refers (Special) to heapauxi.o(.text) for __use_two_region_memory
    startup_stm32f10x_md.o(RESET) refers to startup_stm32f10x_md.o(STACK) for __initial_sp
    startup_stm32f10x_md.o(RESET) refers to startup_stm32f10x_md.o(.text) for Reset_Handler
    startup_stm32f10x_md.o(RESET) refers to stm32f10x_it.o(i.NMI_Handler) for NMI_Handler
    startup_stm32f10x_md.o(RESET) refers to stm32f10x_it.o(i.HardFault_Handler) for HardFault_Handler
    startup_stm32f10x_md.o(RESET) refers to stm32f10x_it.o(i.MemManage_Handler) for MemManage_Handler
    startup_stm32f10x_md.o(RESET) refers to stm32f10x_it.o(i.BusFault_Handler) for BusFault_Handler
    startup_stm32f10x_md.o(RESET) refers to stm32f10x_it.o(i.UsageFault_Handler) for UsageFault_Handler
    startup_stm32f10x_md.o(RESET) refers to stm32f10x_it.o(i.SVC_Handler) for SVC_Handler
    startup_stm32f10x_md.o(RESET) refers to stm32f10x_it.o(i.DebugMon_Handler) for DebugMon_Handler
    startup_stm32f10x_md.o(RESET) refers to stm32f10x_it.o(i.PendSV_Handler) for PendSV_Handler
    startup_stm32f10x_md.o(RESET) refers to stm32f10x_it.o(i.SysTick_Handler) for SysTick_Handler
    startup_stm32f10x_md.o(RESET) refers to jdy-31.o(i.USART3_IRQHandler) for USART3_IRQHandler
    startup_stm32f10x_md.o(.text) refers (Special) to heapauxi.o(.text) for __use_two_region_memory
    startup_stm32f10x_md.o(.text) refers to system_stm32f10x.o(i.SystemInit) for SystemInit
    startup_stm32f10x_md.o(.text) refers to __main.o(!!!main) for __main
    startup_stm32f10x_md.o(.text) refers to startup_stm32f10x_md.o(HEAP) for Heap_Mem
    startup_stm32f10x_md.o(.text) refers to startup_stm32f10x_md.o(STACK) for Stack_Mem
    system_stm32f10x.o(i.SetSysClock) refers to system_stm32f10x.o(i.SetSysClockTo72) for SetSysClockTo72
    system_stm32f10x.o(i.SystemCoreClockUpdate) refers to system_stm32f10x.o(.data) for SystemCoreClock
    system_stm32f10x.o(i.SystemInit) refers to system_stm32f10x.o(i.SetSysClock) for SetSysClock
    delay.o(i.Delay_ms) refers to delay.o(i.Delay_us) for Delay_us
    delay.o(i.Delay_s) refers to delay.o(i.Delay_ms) for Delay_ms
    main.o(i.Get_Tick) refers to main.o(.data) for tick
    main.o(i.Update_AHT20_LED) refers to frleqf.o(x$fpl$frleqf) for __aeabi_cfrcmple
    main.o(i.Update_AHT20_LED) refers to fleqf.o(x$fpl$fleqf) for __aeabi_cfcmple
    main.o(i.Update_AHT20_LED) refers to stm32f10x_gpio.o(i.GPIO_SetBits) for GPIO_SetBits
    main.o(i.Update_AHT20_LED) refers to stm32f10x_gpio.o(i.GPIO_ResetBits) for GPIO_ResetBits
    main.o(i.Update_AHT20_LED) refers to main.o(.data) for current_temp
    main.o(i.Update_MQ2_LED) refers to stm32f10x_gpio.o(i.GPIO_ResetBits) for GPIO_ResetBits
    main.o(i.Update_MQ2_LED) refers to stm32f10x_gpio.o(i.GPIO_SetBits) for GPIO_SetBits
    main.o(i.Update_MQ2_LED) refers to main.o(.data) for current_gas
    main.o(i.Update_Sensor_Data) refers to light.o(i.LightSensor_Read) for LightSensor_Read
    main.o(i.Update_Sensor_Data) refers to aht20.o(i.AHT20_ReadTempHum) for AHT20_ReadTempHum
    main.o(i.Update_Sensor_Data) refers to mq2.o(i.MQ2_ReadAverage) for MQ2_ReadAverage
    main.o(i.Update_Sensor_Data) refers to main.o(.data) for current_light
    main.o(i.Update_System_LED) refers to stm32f10x_gpio.o(i.GPIO_ResetBits) for GPIO_ResetBits
    main.o(i.Update_System_LED) refers to stm32f10x_gpio.o(i.GPIO_SetBits) for GPIO_SetBits
    main.o(i.Update_System_LED) refers to main.o(.data) for temp_hum_warning
    main.o(i.main) refers to oled.o(i.OLED_Init) for OLED_Init
    main.o(i.main) refers to delay.o(i.Delay_ms) for Delay_ms
    main.o(i.main) refers to oled.o(i.OLED_Clear) for OLED_Clear
    main.o(i.main) refers to oled.o(i.OLED_ShowString) for OLED_ShowString
    main.o(i.main) refers to led.o(i.LED_Init) for LED_Init
    main.o(i.main) refers to buzzer.o(i.BUZZER_Init) for BUZZER_Init
    main.o(i.main) refers to key.o(i.Key_Init) for Key_Init
    main.o(i.main) refers to jdy-31.o(i.UART3_init) for UART3_init
    main.o(i.main) refers to light.o(i.LightSensor_Init) for LightSensor_Init
    main.o(i.main) refers to aht20.o(i.AHT20_Init) for AHT20_Init
    main.o(i.main) refers to mq2.o(i.MQ2_Init) for MQ2_Init
    main.o(i.main) refers to l9110.o(i.Fan_Init) for Fan_Init
    main.o(i.main) refers to menu.o(i.Menu_Init) for Menu_Init
    main.o(i.main) refers to menu.o(i.Menu_Display) for Menu_Display
    main.o(i.main) refers to jdy-31.o(i.Send_Message_To_Phone) for Send_Message_To_Phone
    main.o(i.main) refers to key.o(i.Key_GetNum) for Key_GetNum
    main.o(i.main) refers to menu.o(i.Menu_Up) for Menu_Up
[...]
    .ARM.Collect$$rtexit$$00000004           0x080001ac   Section        6  rtexit2.o(.ARM.Collect$$rtexit$$00000004)
    .text                                    0x080001b4   Section       64  startup_stm32f10x_md.o(.text)
    .text                                    0x080001f4   Section        0  noretval__2sprintf.o(.text)
    .text                                    0x0800021c   Section        0  _printf_str.o(.text)
    .text                                    0x08000270   Section        0  _printf_dec.o(.text)
    .text                                    0x080002e8   Section        0  __printf_ss_wp.o(.text)
    .text                                    0x08000448   Section        0  strstr.o(.text)
    .text                                    0x0800046c   Section        0  heapauxi.o(.text)
    .text                                    0x08000472   Section        0  _printf_intcommon.o(.text)
    .text                                    0x08000524   Section        0  _printf_fp_dec.o(.text)
    _fp_digits                               0x08000527   Thumb Code   432  _printf_fp_dec.o(.text)
    .text                                    0x08000944   Section        0  _printf_char_common.o(.text)
    _printf_input_char                       0x08000945   Thumb Code    10  _printf_char_common.o(.text)
    .text                                    0x08000974   Section        0  _sputc.o(.text)
    .text                                    0x0800097e   Section        0  _printf_char.o(.text)
    .text                                    0x080009ac   Section        8  rt_locale_intlibspace.o(.text)
    .text                                    0x080009b4   Section      138  lludiv10.o(.text)
    .text                                    0x08000a40   Section        0  _printf_fp_infnan.o(.text)
    .text                                    0x08000ac0   Section        0  bigflt0.o(.text)
    .text                                    0x08000ba4   Section        8  libspace.o(.text)
    .text                                    0x08000bac   Section       74  sys_stackheap_outer.o(.text)
    .text                                    0x08000bf6   Section        0  exit.o(.text)
    .text                                    0x08000c08   Section      128  strcmpv7m.o(.text)
    .text                                    0x08000c88   Section        0  sys_exit.o(.text)
    .text                                    0x08000c94   Section        2  use_no_semi.o(.text)
    .text                                    0x08000c96   Section        0  indicate_semi.o(.text)
    CL$$btod_d2e                             0x08000c96   Section       62  btod.o(CL$$btod_d2e)
    CL$$btod_d2e_denorm_low                  0x08000cd4   Section       70  btod.o(CL$$btod_d2e_denorm_low)
    CL$$btod_d2e_norm_op1                    0x08000d1a   Section       96  btod.o(CL$$btod_d2e_norm_op1)
    CL$$btod_div_common                      0x08000d7a   Section      824  btod.o(CL$$btod_div_common)
    CL$$btod_e2e                             0x080010b2   Section      220  btod.o(CL$$btod_e2e)
    CL$$btod_ediv                            0x0800118e   Section       42  btod.o(CL$$btod_ediv)
    CL$$btod_emul                            0x080011b8   Section       42  btod.o(CL$$btod_emul)
    CL$$btod_mult_common                     0x080011e2   Section      580  btod.o(CL$$btod_mult_common)
    i.ADC_Cmd                                0x08001426   Section        0  stm32f10x_adc.o(i.ADC_Cmd)
    i.ADC_GetCalibrationStatus               0x0800143c   Section        0  stm32f10x_adc.o(i.ADC_GetCalibrationStatus)
    i.ADC_GetConversionValue                 0x08001450   Section        0  stm32f10x_adc.o(i.ADC_GetConversionValue)
    i.ADC_GetFlagStatus                      0x08001458   Section        0  stm32f10x_adc.o(i.ADC_GetFlagStatus)
    i.ADC_GetResetCalibrationStatus          0x0800146a   Section        0  stm32f10x_adc.o(i.ADC_GetResetCalibrationStatus)
    i.ADC_Init                               0x08001480   Section        0  stm32f10x_adc.o(i.ADC_Init)
    i.ADC_RegularChannelConfig               0x080014d0   Section        0  stm32f10x_adc.o(i.ADC_RegularChannelConfig)
    i.ADC_ResetCalibration                   0x08001588   Section        0  stm32f10x_adc.o(i.ADC_ResetCalibration)
    i.ADC_SoftwareStartConvCmd               0x08001592   Section        0  stm32f10x_adc.o(i.ADC_SoftwareStartConvCmd)
    i.ADC_StartCalibration                   0x080015a8   Section        0  stm32f10x_adc.o(i.ADC_StartCalibration)
    i.AHT20_GPIO_Init                        0x080015b4   Section        0  aht20.o(i.AHT20_GPIO_Init)
    AHT20_GPIO_Init                          0x080015b5   Thumb Code    54  aht20.o(i.AHT20_GPIO_Init)
    i.AHT20_I2C_Ack                          0x080015f0   Section        0  aht20.o(i.AHT20_I2C_Ack)
    AHT20_I2C_Ack                            0x080015f1   Thumb Code    40  aht20.o(i.AHT20_I2C_Ack)
    i.AHT20_I2C_NAck                         0x0800161c   Section        0  aht20.o(i.AHT20_I2C_NAck)
    AHT20_I2C_NAck                           0x0800161d   Thumb Code    32  aht20.o(i.AHT20_I2C_NAck)
    i.AHT20_I2C_ReceiveByte                  0x08001640   Section        0  aht20.o(i.AHT20_I2C_ReceiveByte)
    AHT20_I2C_ReceiveByte                    0x08001641   Thumb Code   108  aht20.o(i.AHT20_I2C_ReceiveByte)
    i.AHT20_I2C_SendByte                     0x080016b0   Section        0  aht20.o(i.AHT20_I2C_SendByte)
    AHT20_I2C_SendByte                       0x080016b1   Thumb Code    74  aht20.o(i.AHT20_I2C_SendByte)
    i.AHT20_I2C_Start                        0x08001700   Section        0  aht20.o(i.AHT20_I2C_Start)
    AHT20_I2C_Start                          0x08001701   Thumb Code    44  aht20.o(i.AHT20_I2C_Start)
    i.AHT20_I2C_Stop                         0x08001730   Section        0  aht20.o(i.AHT20_I2C_Stop)
    AHT20_I2C_Stop                           0x08001731   Thumb Code    36  aht20.o(i.AHT20_I2C_Stop)
    i.AHT20_I2C_WaitAck                      0x08001758   Section        0  aht20.o(i.AHT20_I2C_WaitAck)
    AHT20_I2C_WaitAck                        0x08001759   Thumb Code   118  aht20.o(i.AHT20_I2C_WaitAck)
    i.AHT20_Init                             0x080017d4   Section        0  aht20.o(i.AHT20_Init)
    i.AHT20_ReadData                         0x08001824   Section        0  aht20.o(i.AHT20_ReadData)
    AHT20_ReadData                           0x08001825   Thumb Code    80  aht20.o(i.AHT20_ReadData)
    i.AHT20_ReadStatus                       0x08001874   Section        0  aht20.o(i.AHT20_ReadStatus)
    i.AHT20_ReadTempHum                      0x080018a0   Section        0  aht20.o(i.AHT20_ReadTempHum)
    i.AHT20_SoftReset                        0x08001974   Section        0  aht20.o(i.AHT20_SoftReset)
    i.AHT20_WaitForIdle                      0x08001982   Section        0  aht20.o(i.AHT20_WaitForIdle)
    AHT20_WaitForIdle                        0x08001983   Thumb Code    50  aht20.o(i.AHT20_WaitForIdle)
    i.AHT20_WriteCmd                         0x080019b4   Section        0  aht20.o(i.AHT20_WriteCmd)
    AHT20_WriteCmd                           0x080019b5   Thumb Code    96  aht20.o(i.AHT20_WriteCmd)
    i.Alarms_View                            0x08001a14   Section        0  action.o(i.Alarms_View)
    i.BUZZER_50ms                            0x08001ad0   Section        0  buzzer.o(i.BUZZER_50ms)
    i.BUZZER_Init                            0x08001ae4   Section        0  buzzer.o(i.BUZZER_Init)
    i.BUZZER_OFF                             0x08001b14   Section        0  buzzer.o(i.BUZZER_OFF)
    i.BUZZER_ON                              0x08001b24   Section        0  buzzer.o(i.BUZZER_ON)
    i.Bluetooth_Status                       0x08001b34   Section        0  action.o(i.Bluetooth_Status)
    i.BusFault_Handler                       0x08001c58   Section        0  stm32f10x_it.o(i.BusFault_Handler)
    i.DebugMon_Handler                       0x08001c5c   Section        0  stm32f10x_it.o(i.DebugMon_Handler)
    i.Delay_ms                               0x08001c5e   Section        0  delay.o(i.Delay_ms)
    i.Delay_us                               0x08001c76   Section        0  delay.o(i.Delay_us)
    i.Fan_Auto                               0x08001ca4   Section        0  action.o(i.Fan_Auto)
    i.Fan_Control                            0x08001ce0   Section        0  l9110.o(i.Fan_Control)
    i.Fan_Forward                            0x08001d54   Section        0  l9110.o(i.Fan_Forward)
    i.Fan_Init                               0x08001d60   Section        0  l9110.o(i.Fan_Init)
    i.Fan_OFF                                0x08001da0   Section        0  action.o(i.Fan_OFF)
    i.Fan_ON                                 0x08001de0   Section        0  action.o(i.Fan_ON)
    i.Fan_Stop                               0x08001e20   Section        0  l9110.o(i.Fan_Stop)
    i.GPIO_Init                              0x08001e2a   Section        0  stm32f10x_gpio.o(i.GPIO_Init)
    i.GPIO_ReadInputDataBit                  0x08001f40   Section        0  stm32f10x_gpio.o(i.GPIO_ReadInputDataBit)
    i.GPIO_ResetBits                         0x08001f52   Section        0  stm32f10x_gpio.o(i.GPIO_ResetBits)
    i.GPIO_SetBits                           0x08001f56   Section        0  stm32f10x_gpio.o(i.GPIO_SetBits)
    i.GPIO_WriteBit                          0x08001f5a   Section        0  stm32f10x_gpio.o(i.GPIO_WriteBit)
    i.Gas_Threshold_View                     0x08001f64   Section        0  action.o(i.Gas_Threshold_View)
    i.Gas_View                               0x0800201c   Section        0  action.o(i.Gas_View)
    i.Get_Tick                               0x08002298   Section        0  main.o(i.Get_Tick)
    i.HardFault_Handler                      0x080022ac   Section        0  stm32f10x_it.o(i.HardFault_Handler)
    i.I2C_Delay                              0x080022b0   Section        0  aht20.o(i.I2C_Delay)
    I2C_Delay                                0x080022b1   Thumb Code    16  aht20.o(i.I2C_Delay)
    i.Key_GetNum                             0x080022c0   Section        0  key.o(i.Key_GetNum)
    i.Key_Init                               0x0800237c   Section        0  key.o(i.Key_Init)
    i.LEDB_OFF                               0x080023ac   Section        0  led.o(i.LEDB_OFF)
    i.LEDB_ON                                0x080023c0   Section        0  led.o(i.LEDB_ON)
    i.LEDG_OFF                               0x080023d4   Section        0  led.o(i.LEDG_OFF)
    i.LEDG_ON                                0x080023e8   Section        0  led.o(i.LEDG_ON)
    i.LEDR_OFF                               0x080023fc   Section        0  led.o(i.LEDR_OFF)
    i.LEDR_ON                                0x08002410   Section        0  led.o(i.LEDR_ON)
    i.LED_Init                               0x08002424   Section        0  led.o(i.LED_Init)
    i.LightSensor_Init                       0x08002478   Section        0  light.o(i.LightSensor_Init)
    i.LightSensor_Read                       0x0800249c   Section        0  light.o(i.LightSensor_Read)
    i.Light_View                             0x080024c4   Section        0  action.o(i.Light_View)
    i.MQ2_GetLevel                           0x080026e8   Section        0  mq2.o(i.MQ2_GetLevel)
    i.MQ2_Init                               0x08002728   Section        0  mq2.o(i.MQ2_Init)
    i.MQ2_ReadAverage                        0x080027bc   Section        0  mq2.o(i.MQ2_ReadAverage)
    i.MQ2_ReadRaw                            0x080027ec   Section        0  mq2.o(i.MQ2_ReadRaw)
    i.MemManage_Handler                      0x08002810   Section        0  stm32f10x_it.o(i.MemManage_Handler)
    i.Menu_Back                              0x08002814   Section        0  menu.o(i.Menu_Back)
    i.Menu_Display                           0x08002870   Section        0  menu.o(i.Menu_Display)
    i.Menu_Down                              0x080028fc   Section        0  menu.o(i.Menu_Down)
    i.Menu_Enter                             0x08002958   Section        0  menu.o(i.Menu_Enter)
    i.Menu_Init                              0x080029e8   Section        0  menu.o(i.Menu_Init)
    i.Menu_Up                                0x08002c10   Section        0  menu.o(i.Menu_Up)
    i.NMI_Handler                            0x08002c4c   Section        0  stm32f10x_it.o(i.NMI_Handler)
    i.NVIC_Init                              0x08002c50   Section        0  misc.o(i.NVIC_Init)
    i.OLED_Clear                             0x08002cc0   Section        0  oled.o(i.OLED_Clear)
    i.OLED_I2C_Init                          0x08002cec   Section        0  oled.o(i.OLED_I2C_Init)
    i.OLED_I2C_SendByte                      0x08002d3c   Section        0  oled.o(i.OLED_I2C_SendByte)
    i.OLED_I2C_Start                         0x08002d90   Section        0  oled.o(i.OLED_I2C_Start)
    i.OLED_I2C_Stop                          0x08002dc4   Section        0  oled.o(i.OLED_I2C_Stop)
    i.OLED_Init                              0x08002dec   Section        0  oled.o(i.OLED_Init)
    i.OLED_Pow                               0x08002e9a   Section        0  oled.o(i.OLED_Pow)
    i.OLED_SetCursor                         0x08002eae   Section        0  oled.o(i.OLED_SetCursor)
    i.OLED_ShowChar                          0x08002ed0   Section        0  oled.o(i.OLED_ShowChar)
    i.OLED_ShowNum                           0x08002f44   Section        0  oled.o(i.OLED_ShowNum)
    i.OLED_ShowString                        0x08002f88   Section        0  oled.o(i.OLED_ShowString)
    i.OLED_WriteCommand                      0x08002fb0   Section        0  oled.o(i.OLED_WriteCommand)
    i.OLED_WriteData                         0x08002fd0   Section        0  oled.o(i.OLED_WriteData)
    i.PendSV_Handler                         0x08002ff0   Section        0  stm32f10x_it.o(i.PendSV_Handler)
    i.RCC_APB1PeriphClockCmd                 0x08002ff4   Section        0  stm32f10x_rcc.o(i.RCC_APB1PeriphClockCmd)
    i.RCC_APB2PeriphClockCmd                 0x08003014   Section        0  stm32f10x_rcc.o(i.RCC_APB2PeriphClockCmd)
    i.RCC_GetClocksFreq                      0x08003034   Section        0  stm32f10x_rcc.o(i.RCC_GetClocksFreq)
    i.SVC_Handler                            0x08003108   Section        0  stm32f10x_it.o(i.SVC_Handler)
    i.Send_Message_To_Phone                  0x0800310c   Section        0  jdy-31.o(i.Send_Message_To_Phone)
    i.SetSysClock                            0x0800318c   Section        0  system_stm32f10x.o(i.SetSysClock)
    SetSysClock                              0x0800318d   Thumb Code     8  system_stm32f10x.o(i.SetSysClock)
    i.SetSysClockTo72                        0x08003194   Section        0  system_stm32f10x.o(i.SetSysClockTo72)
    SetSysClockTo72                          0x08003195   Thumb Code   214  system_stm32f10x.o(i.SetSysClockTo72)
    i.SysTick_Handler                        0x08003274   Section        0  stm32f10x_it.o(i.SysTick_Handler)
    i.SystemInit                             0x08003278   Section        0  system_stm32f10x.o(i.SystemInit)
    i.TempHum_View                           0x080032d8   Section        0  action.o(i.TempHum_View)
    i.Temp_Threshold_View                    0x080035bc   Section        0  action.o(i.Temp_Threshold_View)
    i.UART3_init                             0x08003678   Section        0  jdy-31.o(i.UART3_init)
    i.USART3_IRQHandler                      0x08003724   Section        0  jdy-31.o(i.USART3_IRQHandler)
    i.USART_ClearITPendingBit                0x08003760   Section        0  stm32f10x_usart.o(i.USART_ClearITPendingBit)
    i.USART_Cmd                              0x0800377e   Section        0  stm32f10x_usart.o(i.USART_Cmd)
    i.USART_GetFlagStatus                    0x08003796   Section        0  stm32f10x_usart.o(i.USART_GetFlagStatus)
    i.USART_GetITStatus                      0x080037b0   Section        0  stm32f10x_usart.o(i.USART_GetITStatus)
    i.USART_ITConfig                         0x08003804   Section        0  stm32f10x_usart.o(i.USART_ITConfig)
    i.USART_Init                             0x08003850   Section        0  stm32f10x_usart.o(i.USART_Init)
    i.USART_ReceiveData                      0x08003928   Section        0  stm32f10x_usart.o(i.USART_ReceiveData)
    i.USART_SendData                         0x08003932   Section        0  stm32f10x_usart.o(i.USART_SendData)
    i.Update_AHT20_LED                       0x0800393c   Section        0  main.o(i.Update_AHT20_LED)
    i.Update_MQ2_LED                         0x080039c8   Section        0  main.o(i.Update_MQ2_LED)
    i.Update_Sensor_Data                     0x08003a18   Section        0  main.o(i.Update_Sensor_Data)
    i.Update_System_LED                      0x08003a48   Section        0  main.o(i.Update_System_LED)
    i.Uptime_View                            0x08003ae0   Section        0  action.o(i.Uptime_View)
    i.UsageFault_Handler                     0x08003bd4   Section        0  stm32f10x_it.o(i.UsageFault_Handler)
    i.__ARM_fpclassify                       0x08003bd8   Section        0  fpclassify.o(i.__ARM_fpclassify)
    i._is_digit                              0x08003c00   Section        0  __printf_wp.o(i._is_digit)
    i.create_item                            0x08003c10   Section        0  menu.o(i.create_item)
    create_item                              0x08003c11   Thumb Code    88  menu.o(i.create_item)
    i.link_siblings                          0x08003c70   Section        0  menu.o(i.link_siblings)
    link_siblings                            0x08003c71   Thumb Code    52  menu.o(i.link_siblings)
    i.main                                   0x08003ca4   Section        0  main.o(i.main)
    i.set_child                              0x08003e18   Section        0  menu.o(i.set_child)
    set_child                                0x08003e19   Thumb Code    14  menu.o(i.set_child)
    i.update_display_items                   0x08003e28   Section        0  menu.o(i.update_display_items)
    update_display_items                     0x08003e29   Thumb Code   102  menu.o(i.update_display_items)
    locale$$code                             0x08003e94   Section       44  lc_numeric_c.o(locale$$code)
    x$fpl$dretinf                            0x08003ec0   Section       12  dretinf.o(x$fpl$dretinf)
    x$fpl$f2d                                0x08003ecc   Section       86  f2d.o(x$fpl$f2d)
    x$fpl$fadd                               0x08003f24   Section      196  faddsub_clz.o(x$fpl$fadd)
    _fadd1                                   0x08003f33   Thumb Code     0  faddsub_clz.o(x$fpl$fadd)
    x$fpl$fcmpinf                            0x08003fe8   Section       24  fcmpi.o(x$fpl$fcmpinf)
    x$fpl$fdiv                               0x08004000   Section      388  fdiv.o(x$fpl$fdiv)
    _fdiv1                                   0x08004001   Thumb Code     0  fdiv.o(x$fpl$fdiv)
    x$fpl$ffixu                              0x08004184   Section       62  ffixu.o(x$fpl$ffixu)
    x$fpl$ffltu                              0x080041c4   Section       38  fflt_clz.o(x$fpl$ffltu)
    x$fpl$fleqf                              0x080041ec   Section      104  fleqf.o(x$fpl$fleqf)
    x$fpl$fmul                               0x08004254   Section      258  fmul.o(x$fpl$fmul)
    x$fpl$fnaninf                            0x08004356   Section      140  fnaninf.o(x$fpl$fnaninf)
    x$fpl$fretinf                            0x080043e2   Section       10  fretinf.o(x$fpl$fretinf)
    x$fpl$frleqf                             0x080043ec   Section       98  frleqf.o(x$fpl$frleqf)
    x$fpl$fsub                               0x08004450   Section      234  faddsub_clz.o(x$fpl$fsub)
    _fsub1                                   0x0800445f   Thumb Code     0  faddsub_clz.o(x$fpl$fsub)
    x$fpl$printf1                            0x0800453a   Section        4  printf1.o(x$fpl$printf1)
    .constdata                               0x0800453e   Section     1520  oled.o(.constdata)
    x$fpl$usenofp                            0x0800453e   Section        0  usenofp.o(x$fpl$usenofp)
    .constdata                               0x08004b30   Section      148  bigflt0.o(.constdata)
    tenpwrs_x                                0x08004b30   Data          60  bigflt0.o(.constdata)
    tenpwrs_i                                0x08004b6c   Data          64  bigflt0.o(.constdata)
    locale$$data                             0x08004be4   Section       28  lc_numeric_c.o(locale$$data)
    __lcnum_c_name                           0x08004be8   Data           2  lc_numeric_c.o(locale$$data)
    __lcnum_c_start                          0x08004bf0   Data           0  lc_numeric_c.o(locale$$data)
    __lcnum_c_point                          0x08004bfc   Data           0  lc_numeric_c.o(locale$$data)
    __lcnum_c_thousands                      0x08004bfe   Data           0  lc_numeric_c.o(locale$$data)
    __lcnum_c_grouping                       0x08004bff   Data           0  lc_numeric_c.o(locale$$data)
    __lcnum_c_end                            0x08004c00   Data           0  lc_numeric_c.o(locale$$data)
    .data                                    0x20000000   Section       32  main.o(.data)
    current_temp                             0x2000000c   Data           4  main.o(.data)
    current_humi                             0x20000010   Data           4  main.o(.data)
    current_gas                              0x20000014   Data           2  main.o(.data)
    current_light                            0x20000016   Data           1  main.o(.data)
    temp_hum_warning                         0x20000017   Data           1  main.o(.data)
    gas_alarm                                0x20000018   Data           1  main.o(.data)
    tick                                     0x2000001c   Data           4  main.o(.data)
    .data                                    0x20000020   Section        1  menu.o(.data)
    index                                    0x20000020   Data           1  menu.o(.data)
    .data                                    0x20000024   Section       32  action.o(.data)
    current_temp                             0x20000024   Data           4  action.o(.data)
    current_humi                             0x20000028   Data           4  action.o(.data)
    current_gas                              0x2000002c   Data           2  action.o(.data)
    current_light                            0x2000002e   Data           1  action.o(.data)
    gas_normal_threshold                     0x20000030   Data           2  action.o(.data)
    gas_warning_threshold                    0x20000032   Data           2  action.o(.data)
    gas_alarm_threshold                      0x20000034   Data           2  action.o(.data)
    temp_normal_low                          0x20000036   Data           2  action.o(.data)
    temp_normal_high                         0x20000038   Data           2  action.o(.data)
    temp_cold_threshold                      0x2000003a   Data           2  action.o(.data)
    temp_hot_threshold                       0x2000003c   Data           2  action.o(.data)
    fan_auto_mode                            0x2000003e   Data           1  action.o(.data)
    last_second_tick                         0x20000040   Data           4  action.o(.data)
    .data                                    0x20000044   Section       20  stm32f10x_rcc.o(.data)
    APBAHBPrescTable                         0x20000044   Data          16  stm32f10x_rcc.o(.data)
    ADCPrescTable                            0x20000054   Data           4  stm32f10x_rcc.o(.data)
    .data                                    0x20000058   Section        3  jdy-31.o(.data)
    last_flag                                0x2000005a   Data           1  jdy-31.o(.data)
    .data                                    0x2000005b   Section        1  l9110.o(.data)
    current_state                            0x2000005b   Data           1  l9110.o(.data)
    .data                                    0x2000005c   Section        6  mq2.o(.data)
    mq2_threshold_normal                     0x2000005c   Data           2  mq2.o(.data)
    mq2_threshold_warning                    0x2000005e   Data           2  mq2.o(.data)
    mq2_threshold_alarm                      0x20000060   Data           2  mq2.o(.data)
    .bss                                     0x20000064   Section     1228  menu.o(.bss)
    items                                    0x20000080   Data        1200  menu.o(.bss)
    .bss                                     0x20000530   Section       96  libspace.o(.bss)
    HEAP                                     0x20000590   Section      512  startup_stm32f10x_md.o(HEAP)
    Heap_Mem                                 0x20000590   Data         512  startup_stm32f10x_md.o(HEAP)
    STACK                                    0x20000790   Section     1024  startup_stm32f10x_md.o(STACK)
    Stack_Mem                                0x20000790   Data        1024  startup_stm32f10x_md.o(STACK)
    __initial_sp                             0x20000b90   Data           0  startup_stm32f10x_md.o(STACK)

    Global Symbols

    Symbol Name                              Value     Ov Type        Size  Object(Section)

    BuildAttributes$$THM_ISAv4$P$D$K$B$S$PE$A:L22UL41UL21$X:L11$S22US41US21$IEEE1$IW$USESV6$~STKCKD$USESV7$~SHL$OTIME$ROPI$IEEEJ$EBA8$UX$STANDARDLIB$REQ8$PRES8$EABIv2 0x00000000   Number         0  anon$$obj.o ABSOLUTE
    __ARM_use_no_argv                        0x00000000   Number         0  main.o ABSOLUTE
    _printf_flags                            0x00000000   Number         0  printf_stubs.o ABSOLUTE
    _printf_return_value                     0x00000000   Number         0  printf_stubs.o ABSOLUTE
    _printf_sizespec                         0x00000000   Number         0  printf_stubs.o ABSOLUTE
    _printf_widthprec                        0x00000000   Number         0  printf_stubs.o ABSOLUTE
    __ARM_exceptions_init                     - Undefined Weak Reference
    __alloca_initialize                       - Undefined Weak Reference
    __arm_preinit_                            - Undefined Weak Reference
    __cpp_initialize__aeabi_                  - Undefined Weak Reference
    __cxa_finalize                            - Undefined Weak Reference
    __sigvec_lookup                           - Undefined Weak Reference
    _atexit_init                              - Undefined Weak Reference
    _call_atexit_fns                          - Undefined Weak Reference
    _clock_init                               - Undefined Weak Reference
    _fp_trap_init                             - Undefined Weak Reference
    _fp_trap_shutdown                         - Undefined Weak Reference
    _get_lc_collate                           - Undefined Weak Reference
    _get_lc_ctype                             - Undefined Weak Reference
    _get_lc_monetary                          - Undefined Weak Reference
    _get_lc_time                              - Undefined Weak Reference
    _getenv_init                              - Undefined Weak Reference
    _handle_redirection                       - Undefined Weak Reference
    _init_alloc                               - Undefined Weak Reference
    _init_user_alloc                          - Undefined Weak Reference
    _initio                                   - Undefined Weak Reference
    _printf_mbtowc                            - Undefined Weak Reference
    _printf_post_padding                      - Undefined Weak Reference
    _printf_pre_padding                       - Undefined Weak Reference
    _printf_truncate_signed                   - Undefined Weak Reference
    _printf_truncate_unsigned                 - Undefined Weak Reference
    _rand_init                                - Undefined Weak Reference
    _signal_finish                            - Undefined Weak Reference
    _signal_init                              - Undefined Weak Reference
    _terminate_alloc                          - Undefined Weak Reference
    _terminate_user_alloc                     - Undefined Weak Reference
    _terminateio                              - Undefined Weak Reference
    __Vectors_Size                           0x000000ec   Number         0  startup_stm32f10x_md.o ABSOLUTE
    __Vectors                                0x08000000   Data           4  startup_stm32f10x_md.o(RESET)
    __Vectors_End                            0x080000ec   Data           0  startup_stm32f10x_md.o(RESET)
    __main                                   0x080000ed   Thumb Code     8  __main.o(!!!main)
    __scatterload                            0x080000f5   Thumb Code     0  __scatter.o(!!!scatter)
    __scatterload_rt2                        0x080000f5   Thumb Code    44  __scatter.o(!!!scatter)
    __scatterload_rt2_thumb_only             0x080000f5   Thumb Code     0  __scatter.o(!!!scatter)
    __scatterload_null                       0x08000103   Thumb Code     0  __scatter.o(!!!scatter)
    __scatterload_copy                       0x08000129   Thumb Code    26  __scatter_copy.o(!!handler_copy)
    __scatterload_zeroinit                   0x08000145   Thumb Code    28  __scatter_zi.o(!!handler_zi)
    _printf_f                                0x08000161   Thumb Code     0  _printf_f.o(.ARM.Collect$$_printf_percent$$00000003)
    _printf_percent                          0x08000161   Thumb Code     0  _printf_percent.o(.ARM.Collect$$_printf_percent$$00000000)
    _printf_d                                0x08000167   Thumb Code     0  _printf_d.o(.ARM.Collect$$_printf_percent$$00000009)
    _printf_u                                0x0800016d   Thumb Code     0  _printf_u.o(.ARM.Collect$$_printf_percent$$0000000A)
    _printf_s                                0x08000173   Thumb Code     0  _printf_s.o(.ARM.Collect$$_printf_percent$$00000014)
    _printf_percent_end                      0x08000179   Thumb Code     0  _printf_percent_end.o(.ARM.Collect$$_printf_percent$$00000017)
    __rt_lib_init                            0x0800017d   Thumb Code     0  libinit.o(.ARM.Collect$$libinit$$00000000)
    __rt_lib_init_fp_1                       0x0800017f   Thumb Code     0  libinit2.o(.ARM.Collect$$libinit$$00000002)
    __rt_lib_init_heap_1                     0x0800017f   Thumb Code     0  libinit2.o(.ARM.Collect$$libinit$$0000000A)
    __rt_lib_init_lc_common                  0x0800017f   Thumb Code     0  libinit2.o(.ARM.Collect$$libinit$$0000000F)
    __rt_lib_init_preinit_1                  0x0800017f   Thumb Code     0  libinit2.o(.ARM.Collect$$libinit$$00000004)
    __rt_lib_init_rand_1                     0x0800017f   Thumb Code     0  libinit2.o(.ARM.Collect$$libinit$$0000000E)
    __rt_lib_init_user_alloc_1               0x0800017f   Thumb Code     0  libinit2.o(.ARM.Collect$$libinit$$0000000C)
    __rt_lib_init_lc_collate_1               0x08000185   Thumb Code     0  libinit2.o(.ARM.Collect$$libinit$$00000011)
    __rt_lib_init_lc_ctype_1                 0x08000185   Thumb Code     0  libinit2.o(.ARM.Collect$$libinit$$00000013)
    __rt_lib_init_lc_monetary_1              0x08000185   Thumb Code     0  libinit2.o(.ARM.Collect$$libinit$$00000015)
    __rt_lib_init_lc_numeric_2               0x08000185   Thumb Code     0  libinit2.o(.ARM.Collect$$libinit$$00000016)
    __rt_lib_init_alloca_1                   0x0800018f   Thumb Code     0  libinit2.o(.ARM.Collect$$libinit$$0000002E)
    __rt_lib_init_argv_1                     0x0800018f   Thumb Code     0  libinit2.o(.ARM.Collect$$libinit$$0000002C)
    __rt_lib_init_atexit_1                   0x0800018f   Thumb Code     0  libinit2.o(.ARM.Collect$$libinit$$0000001B)
    __rt_lib_init_clock_1                    0x0800018f   Thumb Code     0  libinit2.o(.ARM.Collect$$libinit$$00000021)
    __rt_lib_init_cpp_1                      0x0800018f   Thumb Code     0  libinit2.o(.ARM.Collect$$libinit$$00000032)
    __rt_lib_init_exceptions_1               0x0800018f   Thumb Code     0  libinit2.o(.ARM.Collect$$libinit$$00000030)
    __rt_lib_init_fp_trap_1                  0x0800018f   Thumb Code     0  libinit2.o(.ARM.Collect$$libinit$$0000001F)
    __rt_lib_init_getenv_1                   0x0800018f   Thumb Code     0  libinit2.o(.ARM.Collect$$libinit$$00000023)
    __rt_lib_init_lc_numeric_1               0x0800018f   Thumb Code     0  libinit2.o(.ARM.Collect$$libinit$$00000017)
    __rt_lib_init_lc_time_1                  0x0800018f   Thumb Code     0  libinit2.o(.ARM.Collect$$libinit$$00000019)
    __rt_lib_init_return                     0x0800018f   Thumb Code     0  libinit2.o(.ARM.Collect$$libinit$$00000033)
    __rt_lib_init_signal_1                   0x0800018f   Thumb Code     0  libinit2.o(.ARM.Collect$$libinit$$0000001D)
    __rt_lib_init_stdio_1                    0x0800018f   Thumb Code     0  libinit2.o(.ARM.Collect$$libinit$$00000025)
    __rt_lib_shutdown                        0x08000191   Thumb Code     0  libshutdown.o(.ARM.Collect$$libshutdown$$00000000)
    __rt_lib_shutdown_cpp_1                  0x08000193   Thumb Code     0  libshutdown2.o(.ARM.Collect$$libshutdown$$00000002)
    __rt_lib_shutdown_fp_trap_1              0x08000193   Thumb Code     0  libshutdown2.o(.ARM.Collect$$libshutdown$$00000007)
    __rt_lib_shutdown_heap_1                 0x08000193   Thumb Code     0  libshutdown2.o(.ARM.Collect$$libshutdown$$0000000F)
    __rt_lib_shutdown_return                 0x08000193   Thumb Code     0  libshutdown2.o(.ARM.Collect$$libshutdown$$00000010)
    __rt_lib_shutdown_signal_1               0x08000193   Thumb Code     0  libshutdown2.o(.ARM.Collect$$libshutdown$$0000000A)
    __rt_lib_shutdown_stdio_1                0x08000193   Thumb Code     0  libshutdown2.o(.ARM.Collect$$libshutdown$$00000004)
    __rt_lib_shutdown_user_alloc_1           0x08000193   Thumb Code     0  libshutdown2.o(.ARM.Collect$$libshutdown$$0000000C)
    __rt_entry                               0x08000195   Thumb Code     0  __rtentry.o(.ARM.Collect$$rtentry$$00000000)
    __rt_entry_presh_1                       0x08000195   Thumb Code     0  __rtentry2.o(.ARM.Collect$$rtentry$$00000002)
    __rt_entry_sh                            0x08000195   Thumb Code     0  __rtentry4.o(.ARM.Collect$$rtentry$$00000004)
    __rt_entry_li                            0x0800019b   Thumb Code     0  __rtentry2.o(.ARM.Collect$$rtentry$$0000000A)
    __rt_entry_postsh_1                      0x0800019b   Thumb Code     0  __rtentry2.o(.ARM.Collect$$rtentry$$00000009)
    __rt_entry_main                          0x0800019f   Thumb Code     0  __rtentry2.o(.ARM.Collect$$rtentry$$0000000D)
    __rt_entry_postli_1                      0x0800019f   Thumb Code     0  __rtentry2.o(.ARM.Collect$$rtentry$$0000000C)
    __rt_exit                                0x080001a7   Thumb Code     0  rtexit.o(.ARM.Collect$$rtexit$$00000000)
    __rt_exit_ls                             0x080001a9   Thumb Code     0  rtexit2.o(.ARM.Collect$$rtexit$$00000003)
    __rt_exit_prels_1                        0x080001a9   Thumb Code     0  rtexit2.o(.ARM.Collect$$rtexit$$00000002)
    __rt_exit_exit                           0x080001ad   Thumb Code     0  rtexit2.o(.ARM.Collect$$rtexit$$00000004)
    Reset_Handler                            0x080001b5   Thumb Code     8  startup_stm32f10x_md.o(.text)
    ADC1_2_IRQHandler                        0x080001cf   Thumb Code     0  startup_stm32f10x_md.o(.text)
    CAN1_RX1_IRQHandler                      0x080001cf   Thumb Code     0  startup_stm32f10x_md.o(.text)
    CAN1_SCE_IRQHandler                      0x080001cf   Thumb Code     0  startup_stm32f10x_md.o(.text)
    DMA1_Channel1_IRQHandler                 0x080001cf   Thumb Code     0  startup_stm32f10x_md.o(.text)
    DMA1_Channel2_IRQHandler                 0x080001cf   Thumb Code     0  startup_stm32f10x_md.o(.text)
    DMA1_Channel3_IRQHandler                 0x080001cf   Thumb Code     0  startup_stm32f10x_md.o(.text)
    DMA1_Channel4_IRQHandler                 0x080001cf   Thumb Code     0  startup_stm32f10x_md.o(.text)
    DMA1_Channel5_IRQHandler                 0x080001cf   Thumb Code     0  startup_stm32f10x_md.o(.text)
    DMA1_Channel6_IRQHandler                 0x080001cf   Thumb Code     0  startup_stm32f10x_md.o(.text)
    DMA1_Channel7_IRQHandler                 0x080001cf   Thumb Code     0  startup_stm32f10x_md.o(.text)
    EXTI0_IRQHandler                         0x080001cf   Thumb Code     0  startup_stm32f10x_md.o(.text)
    EXTI15_10_IRQHandler                     0x080001cf   Thumb Code     0  startup_stm32f10x_md.o(.text)
    EXTI1_IRQHandler                         0x080001cf   Thumb Code     0  startup_stm32f10x_md.o(.text)
    EXTI2_IRQHandler                         0x080001cf   Thumb Code     0  startup_stm32f10x_md.o(.text)
    EXTI3_IRQHandler                         0x080001cf   Thumb Code     0  startup_stm32f10x_md.o(.text)
    EXTI4_IRQHandler                         0x080001cf   Thumb Code     0  startup_stm32f10x_md.o(.text)
    EXTI9_5_IRQHandler                       0x080001cf   Thumb Code     0  startup_stm32f10x_md.o(.text)
    FLASH_IRQHandler                         0x080001cf   Thumb Code     0  startup_stm32f10x_md.o(.text)
    I2C1_ER_IRQHandler                       0x080001cf   Thumb Code     0  startup_stm32f10x_md.o(.text)
    I2C1_EV_IRQHandler                       0x080001cf   Thumb Code     0  startup_stm32f10x_md.o(.text)
    I2C2_ER_IRQHandler                       0x080001cf   Thumb Code     0  startup_stm32f10x_md.o(.text)
    I2C2_EV_IRQHandler                       0x080001cf   Thumb Code     0  startup_stm32f10x_md.o(.text)
    PVD_IRQHandler                           0x080001cf   Thumb Code     0  startup_stm32f10x_md.o(.text)
    RCC_IRQHandler                           0x080001cf   Thumb Code     0  startup_stm32f10x_md.o(.text)
    RTCAlarm_IRQHandler                      0x080001cf   Thumb Code     0  startup_stm32f10x_md.o(.text)
    RTC_IRQHandler                           0x080001cf   Thumb Code     0  startup_stm32f10x_md.o(.text)
    SPI1_IRQHandler                          0x080001cf   Thumb Code     0  startup_stm32f10x_md.o(.text)
    SPI2_IRQHandler                          0x080001cf   Thumb Code     0  startup_stm32f10x_md.o(.text)
    TAMPER_IRQHandler                        0x080001cf   Thumb Code     0  startup_stm32f10x_md.o(.text)
    TIM1_BRK_IRQHandler                      0x080001cf   Thumb Code     0  startup_stm32f10x_md.o(.text)
    TIM1_CC_IRQHandler                       0x080001cf   Thumb Code     0  startup_stm32f10x_md.o(.text)
    TIM1_TRG_COM_IRQHandler                  0x080001cf   Thumb Code     0  startup_stm32f10x_md.o(.text)
    TIM1_UP_IRQHandler                       0x080001cf   Thumb Code     0  startup_stm32f10x_md.o(.text)
    TIM2_IRQHandler                          0x080001cf   Thumb Code     0  startup_stm32f10x_md.o(.text)
    TIM3_IRQHandler                          0x080001cf   Thumb Code     0  startup_stm32f10x_md.o(.text)
    TIM4_IRQHandler                          0x080001cf   Thumb Code     0  startup_stm32f10x_md.o(.text)
    USART1_IRQHandler                        0x080001cf   Thumb Code     0  startup_stm32f10x_md.o(.text)
    USART2_IRQHandler                        0x080001cf   Thumb Code     0  startup_stm32f10x_md.o(.text)
    USBWakeUp_IRQHandler                     0x080001cf   Thumb Code     0  startup_stm32f10x_md.o(.text)
    USB_HP_CAN1_TX_IRQHandler                0x080001cf   Thumb Code     0  startup_stm32f10x_md.o(.text)
    USB_LP_CAN1_RX0_IRQHandler               0x080001cf   Thumb Code     0  startup_stm32f10x_md.o(.text)
    WWDG_IRQHandler                          0x080001cf   Thumb Code     0  startup_stm32f10x_md.o(.text)
    __user_initial_stackheap                 0x080001d1   Thumb Code     0  startup_stm32f10x_md.o(.text)
    __2sprintf                               0x080001f5   Thumb Code    34  noretval__2sprintf.o(.text)
    _printf_str                              0x0800021d   Thumb Code    82  _printf_str.o(.text)
    _printf_int_dec                          0x08000271   Thumb Code   104  _printf_dec.o(.text)
    __printf                                 0x080002e9   Thumb Code   352  __printf_ss_wp.o(.text)
    strstr                                   0x08000449   Thumb Code    36  strstr.o(.text)
    __use_two_region_memory                  0x0800046d   Thumb Code     2  heapauxi.o(.text)
    __rt_heap_escrow$2region                 0x0800046f   Thumb Code     2  heapauxi.o(.text)
    __rt_heap_expand$2region                 0x08000471   Thumb Code     2  heapauxi.o(.text)
    _printf_int_common                       0x08000473   Thumb Code   178  _printf_intcommon.o(.text)
    __lib_sel_fp_printf                      0x08000525   Thumb Code     2  _printf_fp_dec.o(.text)
    _printf_fp_dec_real                      0x080006d7   Thumb Code   620  _printf_fp_dec.o(.text)
    _printf_char_common                      0x0800094f   Thumb Code    32  _printf_char_common.o(.text)
    _sputc                                   0x08000975   Thumb Code    10  _sputc.o(.text)
    _printf_cs_common                        0x0800097f   Thumb Code    20  _printf_char.o(.text)
    _printf_char                             0x08000993   Thumb Code    16  _printf_char.o(.text)
    _printf_string                           0x080009a3   Thumb Code     8  _printf_char.o(.text)
    __rt_locale                              0x080009ad   Thumb Code     8  rt_locale_intlibspace.o(.text)
    _ll_udiv10                               0x080009b5   Thumb Code   138  lludiv10.o(.text)
    _printf_fp_infnan                        0x08000a41   Thumb Code   112  _printf_fp_infnan.o(.text)
    _btod_etento                             0x08000ac1   Thumb Code   224  bigflt0.o(.text)
    __user_libspace                          0x08000ba5   Thumb Code     8  libspace.o(.text)
    __user_perproc_libspace                  0x08000ba5   Thumb Code     0  libspace.o(.text)
    __user_perthread_libspace                0x08000ba5   Thumb Code     0  libspace.o(.text)
    __user_setup_stackheap                   0x08000bad   Thumb Code    74  sys_stackheap_outer.o(.text)
    exit                                     0x08000bf7   Thumb Code    18  exit.o(.text)
    strcmp                                   0x08000c09   Thumb Code   128  strcmpv7m.o(.text)
    _sys_exit                                0x08000c89   Thumb Code     8  sys_exit.o(.text)
    __I$use$semihosting                      0x08000c95   Thumb Code     0  use_no_semi.o(.text)
    __use_no_semihosting_swi                 0x08000c95   Thumb Code     2  use_no_semi.o(.text)
    __semihosting_library_function           0x08000c97   Thumb Code     0  indicate_semi.o(.text)
    _btod_d2e                                0x08000c97   Thumb Code    62  btod.o(CL$$btod_d2e)
    _d2e_denorm_low                          0x08000cd5   Thumb Code    70  btod.o(CL$$btod_d2e_denorm_low)
    _d2e_norm_op1                            0x08000d1b   Thumb Code    96  btod.o(CL$$btod_d2e_norm_op1)
    __btod_div_common                        0x08000d7b   Thumb Code   696  btod.o(CL$$btod_div_common)
    _e2e                                     0x080010b3   Thumb Code   220  btod.o(CL$$btod_e2e)
    _btod_ediv                               0x0800118f   Thumb Code    42  btod.o(CL$$btod_ediv)
    _btod_emul                               0x080011b9   Thumb Code    42  btod.o(CL$$btod_emul)
    __btod_mult_common                       0x080011e3   Thumb Code   580  btod.o(CL$$btod_mult_common)
    ADC_Cmd                                  0x08001427   Thumb Code    22  stm32f10x_adc.o(i.ADC_Cmd)
    ADC_GetCalibrationStatus                 0x0800143d   Thumb Code    20  stm32f10x_adc.o(i.ADC_GetCalibrationStatus)
    ADC_GetConversionValue                   0x08001451   Thumb Code     8  stm32f10x_adc.o(i.ADC_GetConversionValue)
    ADC_GetFlagStatus                        0x08001459   Thumb Code    18  stm32f10x_adc.o(i.ADC_GetFlagStatus)
    ADC_GetResetCalibrationStatus            0x0800146b   Thumb Code    20  stm32f10x_adc.o(i.ADC_GetResetCalibrationStatus)
    ADC_Init                                 0x08001481   Thumb Code    70  stm32f10x_adc.o(i.ADC_Init)
    ADC_RegularChannelConfig                 0x080014d1   Thumb Code   184  stm32f10x_adc.o(i.ADC_RegularChannelConfig)
    ADC_ResetCalibration                     0x08001589   Thumb Code    10  stm32f10x_adc.o(i.ADC_ResetCalibration)
    ADC_SoftwareStartConvCmd                 0x08001593   Thumb Code    22  stm32f10x_adc.o(i.ADC_SoftwareStartConvCmd)
    ADC_StartCalibration                     0x080015a9   Thumb Code    10  stm32f10x_adc.o(i.ADC_StartCalibration)
    AHT20_Init                               0x080017d5   Thumb Code    74  aht20.o(i.AHT20_Init)
    AHT20_ReadStatus                         0x08001875   Thumb Code    42  aht20.o(i.AHT20_ReadStatus)
    AHT20_ReadTempHum                        0x080018a1   Thumb Code   198  aht20.o(i.AHT20_ReadTempHum)
    AHT20_SoftReset                          0x08001975   Thumb Code    14  aht20.o(i.AHT20_SoftReset)
    Alarms_View                              0x08001a15   Thumb Code   108  action.o(i.Alarms_View)
    BUZZER_50ms                              0x08001ad1   Thumb Code    18  buzzer.o(i.BUZZER_50ms)
    BUZZER_Init                              0x08001ae5   Thumb Code    42  buzzer.o(i.BUZZER_Init)
    BUZZER_OFF                               0x08001b15   Thumb Code    12  buzzer.o(i.BUZZER_OFF)
    BUZZER_ON                                0x08001b25   Thumb Code    12  buzzer.o(i.BUZZER_ON)
    Bluetooth_Status                         0x08001b35   Thumb Code   142  action.o(i.Bluetooth_Status)
    BusFault_Handler                         0x08001c59   Thumb Code     4  stm32f10x_it.o(i.BusFault_Handler)
    DebugMon_Handler                         0x08001c5d   Thumb Code     2  stm32f10x_it.o(i.DebugMon_Handler)
    Delay_ms                                 0x08001c5f   Thumb Code    24  delay.o(i.Delay_ms)
    Delay_us                                 0x08001c77   Thumb Code    46  delay.o(i.Delay_us)
    Fan_Auto                                 0x08001ca5   Thumb Code    30  action.o(i.Fan_Auto)
    Fan_Control                              0x08001ce1   Thumb Code   104  l9110.o(i.Fan_Control)
    Fan_Forward                              0x08001d55   Thumb Code    10  l9110.o(i.Fan_Forward)
    Fan_Init                                 0x08001d61   Thumb Code    56  l9110.o(i.Fan_Init)
    Fan_OFF                                  0x08001da1   Thumb Code    34  action.o(i.Fan_OFF)
    Fan_ON                                   0x08001de1   Thumb Code    34  action.o(i.Fan_ON)
    Fan_Stop                                 0x08001e21   Thumb Code    10  l9110.o(i.Fan_Stop)
    GPIO_Init                                0x08001e2b   Thumb Code   278  stm32f10x_gpio.o(i.GPIO_Init)
    GPIO_ReadInputDataBit                    0x08001f41   Thumb Code    18  stm32f10x_gpio.o(i.GPIO_ReadInputDataBit)
    GPIO_ResetBits                           0x08001f53   Thumb Code     4  stm32f10x_gpio.o(i.GPIO_ResetBits)
    GPIO_SetBits                             0x08001f57   Thumb Code     4  stm32f10x_gpio.o(i.GPIO_SetBits)
    GPIO_WriteBit                            0x08001f5b   Thumb Code    10  stm32f10x_gpio.o(i.GPIO_WriteBit)
    Gas_Threshold_View                       0x08001f65   Thumb Code    90  action.o(i.Gas_Threshold_View)
    Gas_View                                 0x0800201d   Thumb Code   410  action.o(i.Gas_View)
    Get_Tick                                 0x08002299   Thumb Code    16  main.o(i.Get_Tick)
    HardFault_Handler                        0x080022ad   Thumb Code     4  stm32f10x_it.o(i.HardFault_Handler)
    Key_GetNum                               0x080022c1   Thumb Code   182  key.o(i.Key_GetNum)
    Key_Init                                 0x0800237d   Thumb Code    44  key.o(i.Key_Init)
    LEDB_OFF                                 0x080023ad   Thumb Code    14  led.o(i.LEDB_OFF)
    LEDB_ON                                  0x080023c1   Thumb Code    14  led.o(i.LEDB_ON)
    LEDG_OFF                                 0x080023d5   Thumb Code    14  led.o(i.LEDG_OFF)
    LEDG_ON                                  0x080023e9   Thumb Code    14  led.o(i.LEDG_ON)
    LEDR_OFF                                 0x080023fd   Thumb Code    14  led.o(i.LEDR_OFF)
    LEDR_ON                                  0x08002411   Thumb Code    14  led.o(i.LEDR_ON)
    LED_Init                                 0x08002425   Thumb Code    76  led.o(i.LED_Init)
    LightSensor_Init                         0x08002479   Thumb Code    32  light.o(i.LightSensor_Init)
    LightSensor_Read                         0x0800249d   Thumb Code    34  light.o(i.LightSensor_Read)
    Light_View                               0x080024c5   Thumb Code   290  action.o(i.Light_View)
    MQ2_GetLevel                             0x080026e9   Thumb Code    50  mq2.o(i.MQ2_GetLevel)
    MQ2_Init                                 0x08002729   Thumb Code   140  mq2.o(i.MQ2_Init)
    MQ2_ReadAverage                          0x080027bd   Thumb Code    48  mq2.o(i.MQ2_ReadAverage)
    MQ2_ReadRaw                              0x080027ed   Thumb Code    32  mq2.o(i.MQ2_ReadRaw)
    MemManage_Handler                        0x08002811   Thumb Code     4  stm32f10x_it.o(i.MemManage_Handler)
    Menu_Back                                0x08002815   Thumb Code    86  menu.o(i.Menu_Back)
    Menu_Display                             0x08002871   Thumb Code   134  menu.o(i.Menu_Display)
    Menu_Down                                0x080028fd   Thumb Code    86  menu.o(i.Menu_Down)
    Menu_Enter                               0x08002959   Thumb Code   118  menu.o(i.Menu_Enter)
    Menu_Init                                0x080029e9   Thumb Code   326  menu.o(i.Menu_Init)
    Menu_Up                                  0x08002c11   Thumb Code    54  menu.o(i.Menu_Up)
    NMI_Handler                              0x08002c4d   Thumb Code     2  stm32f10x_it.o(i.NMI_Handler)
    NVIC_Init                                0x08002c51   Thumb Code   100  misc.o(i.NVIC_Init)
    OLED_Clear                               0x08002cc1   Thumb Code    42  oled.o(i.OLED_Clear)
    OLED_I2C_Init                            0x08002ced   Thumb Code    76  oled.o(i.OLED_I2C_Init)
    OLED_I2C_SendByte                        0x08002d3d   Thumb Code    80  oled.o(i.OLED_I2C_SendByte)
    OLED_I2C_Start                           0x08002d91   Thumb Code    48  oled.o(i.OLED_I2C_Start)
    OLED_I2C_Stop                            0x08002dc5   Thumb Code    36  oled.o(i.OLED_I2C_Stop)
    OLED_Init                                0x08002ded   Thumb Code   174  oled.o(i.OLED_Init)
    OLED_Pow                                 0x08002e9b   Thumb Code    20  oled.o(i.OLED_Pow)
    OLED_SetCursor                           0x08002eaf   Thumb Code    34  oled.o(i.OLED_SetCursor)
    OLED_ShowChar                            0x08002ed1   Thumb Code   110  oled.o(i.OLED_ShowChar)
    OLED_ShowNum                             0x08002f45   Thumb Code    68  oled.o(i.OLED_ShowNum)
    OLED_ShowString                          0x08002f89   Thumb Code    40  oled.o(i.OLED_ShowString)
    OLED_WriteCommand                        0x08002fb1   Thumb Code    32  oled.o(i.OLED_WriteCommand)
    OLED_WriteData                           0x08002fd1   Thumb Code    32  oled.o(i.OLED_WriteData)
    PendSV_Handler                           0x08002ff1   Thumb Code     2  stm32f10x_it.o(i.PendSV_Handler)
    RCC_APB1PeriphClockCmd                   0x08002ff5   Thumb Code    26  stm32f10x_rcc.o(i.RCC_APB1PeriphClockCmd)
    RCC_APB2PeriphClockCmd                   0x08003015   Thumb Code    26  stm32f10x_rcc.o(i.RCC_APB2PeriphClockCmd)
    RCC_GetClocksFreq                        0x08003035   Thumb Code   192  stm32f10x_rcc.o(i.RCC_GetClocksFreq)
    SVC_Handler                              0x08003109   Thumb Code     2  stm32f10x_it.o(i.SVC_Handler)
    Send_Message_To_Phone                    0x0800310d   Thumb Code   122  jdy-31.o(i.Send_Message_To_Phone)
    SysTick_Handler                          0x08003275   Thumb Code     2  stm32f10x_it.o(i.SysTick_Handler)
    SystemInit                               0x08003279   Thumb Code    78  system_stm32f10x.o(i.SystemInit)
    TempHum_View                             0x080032d9   Thumb Code   508  action.o(i.TempHum_View)
    Temp_Threshold_View                      0x080035bd   Thumb Code    90  action.o(i.Temp_Threshold_View)
    UART3_init                               0x08003679   Thumb Code   162  jdy-31.o(i.UART3_init)
    USART3_IRQHandler                        0x08003725   Thumb Code    46  jdy-31.o(i.USART3_IRQHandler)
    USART_ClearITPendingBit                  0x08003761   Thumb Code    30  stm32f10x_usart.o(i.USART_ClearITPendingBit)
    USART_Cmd                                0x0800377f   Thumb Code    24  stm32f10x_usart.o(i.USART_Cmd)
    USART_GetFlagStatus                      0x08003797   Thumb Code    26  stm32f10x_usart.o(i.USART_GetFlagStatus)
    USART_GetITStatus                        0x080037b1   Thumb Code    84  stm32f10x_usart.o(i.USART_GetITStatus)
    USART_ITConfig                           0x08003805   Thumb Code    74  stm32f10x_usart.o(i.USART_ITConfig)
    USART_Init                               0x08003851   Thumb Code   210  stm32f10x_usart.o(i.USART_Init)
    USART_ReceiveData                        0x08003929   Thumb Code    10  stm32f10x_usart.o(i.USART_ReceiveData)
    USART_SendData                           0x08003933   Thumb Code     8  stm32f10x_usart.o(i.USART_SendData)
    Update_AHT20_LED                         0x0800393d   Thumb Code   106  main.o(i.Update_AHT20_LED)
    Update_MQ2_LED                           0x080039c9   Thumb Code    68  main.o(i.Update_MQ2_LED)
    Update_Sensor_Data                       0x08003a19   Thumb Code    30  main.o(i.Update_Sensor_Data)
    Update_System_LED                        0x08003a49   Thumb Code   140  main.o(i.Update_System_LED)
    Uptime_View                              0x08003ae1   Thumb Code   164  action.o(i.Uptime_View)
    UsageFault_Handler                       0x08003bd5   Thumb Code     4  stm32f10x_it.o(i.UsageFault_Handler)
    __ARM_fpclassify                         0x08003bd9   Thumb Code    40  fpclassify.o(i.__ARM_fpclassify)
    _is_digit                                0x08003c01   Thumb Code    14  __printf_wp.o(i._is_digit)
    main                                     0x08003ca5   Thumb Code   264  main.o(i.main)
    _get_lc_numeric                          0x08003e95   Thumb Code    44  lc_numeric_c.o(locale$$code)
    __fpl_dretinf                            0x08003ec1   Thumb Code    12  dretinf.o(x$fpl$dretinf)
    __aeabi_f2d                              0x08003ecd   Thumb Code     0  f2d.o(x$fpl$f2d)
    _f2d                                     0x08003ecd   Thumb Code    86  f2d.o(x$fpl$f2d)
    __aeabi_fadd                             0x08003f25   Thumb Code     0  faddsub_clz.o(x$fpl$fadd)
    _fadd                                    0x08003f25   Thumb Code   196  faddsub_clz.o(x$fpl$fadd)
    __fpl_fcmp_Inf                           0x08003fe9   Thumb Code    24  fcmpi.o(x$fpl$fcmpinf)
    __aeabi_fdiv                             0x08004001   Thumb Code     0  fdiv.o(x$fpl$fdiv)
    _fdiv                                    0x08004001   Thumb Code   384  fdiv.o(x$fpl$fdiv)
    __aeabi_f2uiz                            0x08004185   Thumb Code     0  ffixu.o(x$fpl$ffixu)
    _ffixu                                   0x08004185   Thumb Code    62  ffixu.o(x$fpl$ffixu)
    __aeabi_ui2f                             0x080041c5   Thumb Code     0  fflt_clz.o(x$fpl$ffltu)
    _ffltu                                   0x080041c5   Thumb Code    38  fflt_clz.o(x$fpl$ffltu)
    __aeabi_cfcmple                          0x080041ed   Thumb Code     0  fleqf.o(x$fpl$fleqf)
    _fcmple                                  0x080041ed   Thumb Code   104  fleqf.o(x$fpl$fleqf)
    __fpl_fcmple_InfNaN                      0x0800423f   Thumb Code     0  fleqf.o(x$fpl$fleqf)
    __aeabi_fmul                             0x08004255   Thumb Code     0  fmul.o(x$fpl$fmul)
    _fmul                                    0x08004255   Thumb Code   258  fmul.o(x$fpl$fmul)
    __fpl_fnaninf                            0x08004357   Thumb Code   140  fnaninf.o(x$fpl$fnaninf)
    __fpl_fretinf                            0x080043e3   Thumb Code    10  fretinf.o(x$fpl$fretinf)
    __aeabi_cfrcmple                         0x080043ed   Thumb Code     0  frleqf.o(x$fpl$frleqf)
    _frcmple                                 0x080043ed   Thumb Code    98  frleqf.o(x$fpl$frleqf)
    __aeabi_fsub                             0x08004451   Thumb Code     0  faddsub_clz.o(x$fpl$fsub)
    _fsub                                    0x08004451   Thumb Code   234  faddsub_clz.o(x$fpl$fsub)
    _printf_fp_dec                           0x0800453b   Thumb Code     4  printf1.o(x$fpl$printf1)
    OLED_F8x16                               0x0800453e   Data        1520  oled.o(.constdata)
    __I$use$fp                               0x0800453e   Number         0  usenofp.o(x$fpl$usenofp)
    Region$$Table$$Base                      0x08004bc4   Number         0  anon$$obj.o(Region$$Table)
    Region$$Table$$Limit                     0x08004be4   Number         0  anon$$obj.o(Region$$Table)
    system_uptime                            0x20000000   Data           4  main.o(.data)
    alarm_count                              0x20000004   Data           4  main.o(.data)
    bluetooth_connected                      0x20000008   Data           1  main.o(.data)
    USART_FLAG                               0x20000058   Data           1  jdy-31.o(.data)
    rx_buffer                                0x20000059   Data           1  jdy-31.o(.data)
    menu                                     0x20000064   Data          28  menu.o(.bss)
    __libspace_start                         0x20000530   Data          96  libspace.o(.bss)
    __temporary_stack_top$libspace           0x20000590   Data           0  libspace.o(.bss)



==============================================================================

Memory Map of the image

  Image Entry point : 0x080000ed

  Load Region LR_IROM1 (Base: 0x08000000, Size: 0x00004c64, Max: 0x00010000, ABSOLUTE)

    Execution Region ER_IROM1 (Exec base: 0x08000000, Load base: 0x08000000, Size: 0x00004c00, Max: 0x00010000, ABSOLUTE)

    Exec Addr    Load Addr    Size         Type   Attr      Idx    E Section Name        Object

    0x08000000   0x08000000   0x000000ec   Data   RO           19    RESET               startup_stm32f10x_md.o
    0x080000ec   0x080000ec   0x00000008   Code   RO         4386  * !!!main             c_w.l(__main.o)
    0x080000f4   0x080000f4   0x00000034   Code   RO         4638    !!!scatter          c_w.l(__scatter.o)
    0x08000128   0x08000128   0x0000001a   Code   RO         4640    !!handler_copy      c_w.l(__scatter_copy.o)
    0x08000142   0x08000142   0x00000002   PAD
    0x08000144   0x08000144   0x0000001c   Code   RO         4642    !!handler_zi        c_w.l(__scatter_zi.o)
    0x08000160   0x08000160   0x00000000   Code   RO         4381    .ARM.Collect$$_printf_percent$$00000000  c_w.l(_printf_percent.o)
    0x08000160   0x08000160   0x00000006   Code   RO         4380    .ARM.Collect$$_printf_percent$$00000003  c_w.l(_printf_f.o)
    0x08000166   0x08000166   0x00000006   Code   RO         4378    .ARM.Collect$$_printf_percent$$00000009  c_w.l(_printf_d.o)
    0x0800016c   0x0800016c   0x00000006   Code   RO         4379    .ARM.Collect$$_printf_percent$$0000000A  c_w.l(_printf_u.o)
    0x08000172   0x08000172   0x00000006   Code   RO         4377    .ARM.Collect$$_printf_percent$$00000014  c_w.l(_printf_s.o)
    0x08000178   0x08000178   0x00000004   Code   RO         4429    .ARM.Collect$$_printf_percent$$00000017  c_w.l(_printf_percent_end.o)
    0x0800017c   0x0800017c   0x00000002   Code   RO         4511    .ARM.Collect$$libinit$$00000000  c_w.l(libinit.o)
    0x0800017e   0x0800017e   0x00000000   Code   RO         4513    .ARM.Collect$$libinit$$00000002  c_w.l(libinit2.o)
    0x0800017e   0x0800017e   0x00000000   Code   RO         4515    .ARM.Collect$$libinit$$00000004  c_w.l(libinit2.o)
    0x0800017e   0x0800017e   0x00000000   Code   RO         4518    .ARM.Collect$$libinit$$0000000A  c_w.l(libinit2.o)
    0x0800017e   0x0800017e   0x00000000   Code   RO         4520    .ARM.Collect$$libinit$$0000000C  c_w.l(libinit2.o)
    0x0800017e   0x0800017e   0x00000000   Code   RO         4522    .ARM.Collect$$libinit$$0000000E  c_w.l(libinit2.o)
    0x0800017e   0x0800017e   0x00000006   Code   RO         4523    .ARM.Collect$$libinit$$0000000F  c_w.l(libinit2.o)
    0x08000184   0x08000184   0x00000000   Code   RO         4525    .ARM.Collect$$libinit$$00000011  c_w.l(libinit2.o)
    0x08000184   0x08000184   0x00000000   Code   RO         4527    .ARM.Collect$$libinit$$00000013  c_w.l(libinit2.o)
    0x08000184   0x08000184   0x00000000   Code   RO         4529    .ARM.Collect$$libinit$$00000015  c_w.l(libinit2.o)
    0x08000184   0x08000184   0x0000000a   Code   RO         4530    .ARM.Collect$$libinit$$00000016  c_w.l(libinit2.o)
    0x0800018e   0x0800018e   0x00000000   Code   RO         4531    .ARM.Collect$$libinit$$00000017  c_w.l(libinit2.o)
    0x0800018e   0x0800018e   0x00000000   Code   RO         4533    .ARM.Collect$$libinit$$00000019  c_w.l(libinit2.o)
    0x0800018e   0x0800018e   0x00000000   Code   RO         4535    .ARM.Collect$$libinit$$0000001B  c_w.l(libinit2.o)
    0x0800018e   0x0800018e   0x00000000   Code   RO         4537    .ARM.Collect$$libinit$$0000001D  c_w.l(libinit2.o)
    0x0800018e   0x0800018e   0x00000000   Code   RO         4539    .ARM.Collect$$libinit$$0000001F  c_w.l(libinit2.o)
    0x0800018e   0x0800018e   0x00000000   Code   RO         4541    .ARM.Collect$$libinit$$00000021  c_w.l(libinit2.o)
    0x0800018e   0x0800018e   0x00000000   Code   RO         4543    .ARM.Collect$$libinit$$00000023  c_w.l(libinit2.o)
    0x0800018e   0x0800018e   0x00000000   Code   RO         4545    .ARM.Collect$$libinit$$00000025  c_w.l(libinit2.o)
    0x0800018e   0x0800018e   0x00000000   Code   RO         4549    .ARM.Collect$$libinit$$0000002C  c_w.l(libinit2.o)
    0x0800018e   0x0800018e   0x00000000   Code   RO         4551    .ARM.Collect$$libinit$$0000002E  c_w.l(libinit2.o)
    0x0800018e   0x0800018e   0x00000000   Code   RO         4553    .ARM.Collect$$libinit$$00000030  c_w.l(libinit2.o)
    0x0800018e   0x0800018e   0x00000000   Code   RO         4555    .ARM.Collect$$libinit$$00000032  c_w.l(libinit2.o)
    0x0800018e   0x0800018e   0x00000002   Code   RO         4556    .ARM.Collect$$libinit$$00000033  c_w.l(libinit2.o)
    0x08000190   0x08000190   0x00000002   Code   RO         4586    .ARM.Collect$$libshutdown$$00000000  c_w.l(libshutdown.o)
    0x08000192   0x08000192   0x00000000   Code   RO         4597    .ARM.Collect$$libshutdown$$00000002  c_w.l(libshutdown2.o)
    0x08000192   0x08000192   0x00000000   Code   RO         4599    .ARM.Collect$$libshutdown$$00000004  c_w.l(libshutdown2.o)
    0x08000192   0x08000192   0x00000000   Code   RO         4602    .ARM.Collect$$libshutdown$$00000007  c_w.l(libshutdown2.o)
    0x08000192   0x08000192   0x00000000   Code   RO         4605    .ARM.Collect$$libshutdown$$0000000A  c_w.l(libshutdown2.o)
    0x08000192   0x08000192   0x00000000   Code   RO         4607    .ARM.Collect$$libshutdown$$0000000C  c_w.l(libshutdown2.o)
    0x08000192   0x08000192   0x00000000   Code   RO         4610    .ARM.Collect$$libshutdown$$0000000F  c_w.l(libshutdown2.o)
    0x08000192   0x08000192   0x00000002   Code   RO         4611    .ARM.Collect$$libshutdown$$00000010  c_w.l(libshutdown2.o)
    0x08000194   0x08000194   0x00000000   Code   RO         4418    .ARM.Collect$$rtentry$$00000000  c_w.l(__rtentry.o)
    0x08000194   0x08000194   0x00000000   Code   RO         4440    .ARM.Collect$$rtentry$$00000002  c_w.l(__rtentry2.o)
    0x08000194   0x08000194   0x00000006   Code   RO         4452    .ARM.Collect$$rtentry$$00000004  c_w.l(__rtentry4.o)
    0x0800019a   0x0800019a   0x00000000   Code   RO         4442    .ARM.Collect$$rtentry$$00000009  c_w.l(__rtentry2.o)
    0x0800019a   0x0800019a   0x00000004   Code   RO         4443    .ARM.Collect$$rtentry$$0000000A  c_w.l(__rtentry2.o)
    0x0800019e   0x0800019e   0x00000000   Code   RO         4445    .ARM.Collect$$rtentry$$0000000C  c_w.l(__rtentry2.o)
    0x0800019e   0x0800019e   0x00000008   Code   RO         4446    .ARM.Collect$$rtentry$$0000000D  c_w.l(__rtentry2.o)
    0x080001a6   0x080001a6   0x00000002   Code   RO         4557    .ARM.Collect$$rtexit$$00000000  c_w.l(rtexit.o)
    0x080001a8   0x080001a8   0x00000000   Code   RO         4564    .ARM.Collect$$rtexit$$00000002  c_w.l(rtexit2.o)
    0x080001a8   0x080001a8   0x00000004   Code   RO         4565    .ARM.Collect$$rtexit$$00000003  c_w.l(rtexit2.o)
    0x080001ac   0x080001ac   0x00000006   Code   RO         4566    .ARM.Collect$$rtexit$$00000004  c_w.l(rtexit2.o)
    0x080001b2   0x080001b2   0x00000002   PAD
    0x080001b4   0x080001b4   0x00000040   Code   RO           20    .text               startup_stm32f10x_md.o
    0x080001f4   0x080001f4   0x00000028   Code   RO         4349    .text               c_w.l(noretval__2sprintf.o)
    0x0800021c   0x0800021c   0x00000052   Code   RO         4353    .text               c_w.l(_printf_str.o)
    0x0800026e   0x0800026e   0x00000002   PAD
    0x08000270   0x08000270   0x00000078   Code   RO         4355    .text               c_w.l(_printf_dec.o)
    0x080002e8   0x080002e8   0x00000160   Code   RO         4372    .text               c_w.l(__printf_ss_wp.o)
    0x08000448   0x08000448   0x00000024   Code   RO         4382    .text               c_w.l(strstr.o)
    0x0800046c   0x0800046c   0x00000006   Code   RO         4384    .text               c_w.l(heapauxi.o)
    0x08000472   0x08000472   0x000000b2   Code   RO         4419    .text               c_w.l(_printf_intcommon.o)
    0x08000524   0x08000524   0x0000041e   Code   RO         4421    .text               c_w.l(_printf_fp_dec.o)
    0x08000942   0x08000942   0x00000002   PAD
    0x08000944   0x08000944   0x00000030   Code   RO         4423    .text               c_w.l(_printf_char_common.o)
    0x08000974   0x08000974   0x0000000a   Code   RO         4425    .text               c_w.l(_sputc.o)
    0x0800097e   0x0800097e   0x0000002c   Code   RO         4427    .text               c_w.l(_printf_char.o)
    0x080009aa   0x080009aa   0x00000002   PAD
    0x080009ac   0x080009ac   0x00000008   Code   RO         4457    .text               c_w.l(rt_locale_intlibspace.o)
    0x080009b4   0x080009b4   0x0000008a   Code   RO         4459    .text               c_w.l(lludiv10.o)
    0x08000a3e   0x08000a3e   0x00000002   PAD
    0x08000a40   0x08000a40   0x00000080   Code   RO         4461    .text               c_w.l(_printf_fp_infnan.o)
    0x08000ac0   0x08000ac0   0x000000e4   Code   RO         4465    .text               c_w.l(bigflt0.o)
    0x08000ba4   0x08000ba4   0x00000008   Code   RO         4497    .text               c_w.l(libspace.o)
    0x08000bac   0x08000bac   0x0000004a   Code   RO         4500    .text               c_w.l(sys_stackheap_outer.o)
    0x08000bf6   0x08000bf6   0x00000012   Code   RO         4502    .text               c_w.l(exit.o)
    0x08000c08   0x08000c08   0x00000080   Code   RO         4504    .text               c_w.l(strcmpv7m.o)
    0x08000c88   0x08000c88   0x0000000c   Code   RO         4576    .text               c_w.l(sys_exit.o)
    0x08000c94   0x08000c94   0x00000002   Code   RO         4587    .text               c_w.l(use_no_semi.o)
    0x08000c96   0x08000c96   0x00000000   Code   RO         4589    .text               c_w.l(indicate_semi.o)
    0x08000c96   0x08000c96   0x0000003e   Code   RO         4468    CL$$btod_d2e        c_w.l(btod.o)
    0x08000cd4   0x08000cd4   0x00000046   Code   RO         4470    CL$$btod_d2e_denorm_low  c_w.l(btod.o)
    0x08000d1a   0x08000d1a   0x00000060   Code   RO         4469    CL$$btod_d2e_norm_op1  c_w.l(btod.o)
    0x08000d7a   0x08000d7a   0x00000338   Code   RO         4478    CL$$btod_div_common  c_w.l(btod.o)
    0x080010b2   0x080010b2   0x000000dc   Code   RO         4475    CL$$btod_e2e        c_w.l(btod.o)
    0x0800118e   0x0800118e   0x0000002a   Code   RO         4472    CL$$btod_ediv       c_w.l(btod.o)
    0x080011b8   0x080011b8   0x0000002a   Code   RO         4471    CL$$btod_emul       c_w.l(btod.o)
    0x080011e2   0x080011e2   0x00000244   Code   RO         4477    CL$$btod_mult_common  c_w.l(btod.o)
    0x08001426   0x08001426   0x00000016   Code   RO          634    i.ADC_Cmd           stm32f10x_adc.o
    0x0800143c   0x0800143c   0x00000014   Code   RO          642    i.ADC_GetCalibrationStatus  stm32f10x_adc.o
    0x08001450   0x08001450   0x00000008   Code   RO          643    i.ADC_GetConversionValue  stm32f10x_adc.o
    0x08001458   0x08001458   0x00000012   Code   RO          645    i.ADC_GetFlagStatus  stm32f10x_adc.o
    0x0800146a   0x0800146a   0x00000014   Code   RO          648    i.ADC_GetResetCalibrationStatus  stm32f10x_adc.o
    0x0800147e   0x0800147e   0x00000002   PAD
    0x08001480   0x08001480   0x00000050   Code   RO          652    i.ADC_Init          stm32f10x_adc.o
    0x080014d0   0x080014d0   0x000000b8   Code   RO          656    i.ADC_RegularChannelConfig  stm32f10x_adc.o
    0x08001588   0x08001588   0x0000000a   Code   RO          657    i.ADC_ResetCalibration  stm32f10x_adc.o
    0x08001592   0x08001592   0x00000016   Code   RO          659    i.ADC_SoftwareStartConvCmd  stm32f10x_adc.o
    0x080015a8   0x080015a8   0x0000000a   Code   RO          661    i.ADC_StartCalibration  stm32f10x_adc.o
    0x080015b2   0x080015b2   0x00000002   PAD
    0x080015b4   0x080015b4   0x0000003c   Code   RO         4077    i.AHT20_GPIO_Init   aht20.o
    0x080015f0   0x080015f0   0x0000002c   Code   RO         4078    i.AHT20_I2C_Ack     aht20.o
    0x0800161c   0x0800161c   0x00000024   Code   RO         4079    i.AHT20_I2C_NAck    aht20.o
    0x08001640   0x08001640   0x00000070   Code   RO         4080    i.AHT20_I2C_ReceiveByte  aht20.o
    0x080016b0   0x080016b0   0x00000050   Code   RO         4081    i.AHT20_I2C_SendByte  aht20.o
    0x08001700   0x08001700   0x00000030   Code   RO         4082    i.AHT20_I2C_Start   aht20.o
    0x08001730   0x08001730   0x00000028   Code   RO         4083    i.AHT20_I2C_Stop    aht20.o
    0x08001758   0x08001758   0x0000007c   Code   RO         4084    i.AHT20_I2C_WaitAck  aht20.o
    0x080017d4   0x080017d4   0x00000050   Code   RO         4085    i.AHT20_Init        aht20.o
    0x08001824   0x08001824   0x00000050   Code   RO         4086    i.AHT20_ReadData    aht20.o
    0x08001874   0x08001874   0x0000002a   Code   RO         4087    i.AHT20_ReadStatus  aht20.o
    0x0800189e   0x0800189e   0x00000002   PAD
    0x080018a0   0x080018a0   0x000000d4   Code   RO         4088    i.AHT20_ReadTempHum  aht20.o
    0x08001974   0x08001974   0x0000000e   Code   RO         4089    i.AHT20_SoftReset   aht20.o
    0x08001982   0x08001982   0x00000032   Code   RO         4090    i.AHT20_WaitForIdle  aht20.o
    0x080019b4   0x080019b4   0x00000060   Code   RO         4091    i.AHT20_WriteCmd    aht20.o
    0x08001a14   0x08001a14   0x000000bc   Code   RO          490    i.Alarms_View       action.o
    0x08001ad0   0x08001ad0   0x00000012   Code   RO         3886    i.BUZZER_50ms       buzzer.o
    0x08001ae2   0x08001ae2   0x00000002   PAD
    0x08001ae4   0x08001ae4   0x00000030   Code   RO         3887    i.BUZZER_Init       buzzer.o
    0x08001b14   0x08001b14   0x00000010   Code   RO         3888    i.BUZZER_OFF        buzzer.o
    0x08001b24   0x08001b24   0x00000010   Code   RO         3889    i.BUZZER_ON         buzzer.o
    0x08001b34   0x08001b34   0x00000124   Code   RO          491    i.Bluetooth_Status  action.o
    0x08001c58   0x08001c58   0x00000004   Code   RO          354    i.BusFault_Handler  stm32f10x_it.o
    0x08001c5c   0x08001c5c   0x00000002   Code   RO          355    i.DebugMon_Handler  stm32f10x_it.o
    0x08001c5e   0x08001c5e   0x00000018   Code   RO          137    i.Delay_ms          delay.o
    0x08001c76   0x08001c76   0x0000002e   Code   RO          139    i.Delay_us          delay.o
    0x08001ca4   0x08001ca4   0x0000003c   Code   RO          492    i.Fan_Auto          action.o
    0x08001ce0   0x08001ce0   0x00000074   Code   RO         4177    i.Fan_Control       l9110.o
    0x08001d54   0x08001d54   0x0000000a   Code   RO         4178    i.Fan_Forward       l9110.o
    0x08001d5e   0x08001d5e   0x00000002   PAD
    0x08001d60   0x08001d60   0x00000040   Code   RO         4180    i.Fan_Init          l9110.o
    0x08001da0   0x08001da0   0x00000040   Code   RO          494    i.Fan_OFF           action.o
    0x08001de0   0x08001de0   0x00000040   Code   RO          495    i.Fan_ON            action.o
    0x08001e20   0x08001e20   0x0000000a   Code   RO         4182    i.Fan_Stop          l9110.o
    0x08001e2a   0x08001e2a   0x00000116   Code   RO         1776    i.GPIO_Init         stm32f10x_gpio.o
    0x08001f40   0x08001f40   0x00000012   Code   RO         1780    i.GPIO_ReadInputDataBit  stm32f10x_gpio.o
    0x08001f52   0x08001f52   0x00000004   Code   RO         1783    i.GPIO_ResetBits    stm32f10x_gpio.o
    0x08001f56   0x08001f56   0x00000004   Code   RO         1784    i.GPIO_SetBits      stm32f10x_gpio.o
    0x08001f5a   0x08001f5a   0x0000000a   Code   RO         1787    i.GPIO_WriteBit     stm32f10x_gpio.o
    0x08001f64   0x08001f64   0x000000b8   Code   RO          496    i.Gas_Threshold_View  action.o
    0x0800201c   0x0800201c   0x0000027c   Code   RO          497    i.Gas_View          action.o
    0x08002298   0x08002298   0x00000014   Code   RO          184    i.Get_Tick          main.o
    0x080022ac   0x080022ac   0x00000004   Code   RO          356    i.HardFault_Handler  stm32f10x_it.o
    0x080022b0   0x080022b0   0x00000010   Code   RO         4092    i.I2C_Delay         aht20.o
    0x080022c0   0x080022c0   0x000000bc   Code   RO         3757    i.Key_GetNum        key.o
    0x0800237c   0x0800237c   0x00000030   Code   RO         3758    i.Key_Init          key.o
    0x080023ac   0x080023ac   0x00000014   Code   RO         3625    i.LEDB_OFF          led.o
    0x080023c0   0x080023c0   0x00000014   Code   RO         3626    i.LEDB_ON           led.o
    0x080023d4   0x080023d4   0x00000014   Code   RO         3628    i.LEDG_OFF          led.o
    0x080023e8   0x080023e8   0x00000014   Code   RO         3629    i.LEDG_ON           led.o
    0x080023fc   0x080023fc   0x00000014   Code   RO         3631    i.LEDR_OFF          led.o
    0x08002410   0x08002410   0x00000014   Code   RO         3632    i.LEDR_ON           led.o
    0x08002424   0x08002424   0x00000054   Code   RO         3642    i.LED_Init          led.o
    0x08002478   0x08002478   0x00000024   Code   RO         4235    i.LightSensor_Init  light.o
    0x0800249c   0x0800249c   0x00000028   Code   RO         4238    i.LightSensor_Read  light.o
    0x080024c4   0x080024c4   0x00000224   Code   RO          498    i.Light_View        action.o
    0x080026e8   0x080026e8   0x00000040   Code   RO         4275    i.MQ2_GetLevel      mq2.o
    0x08002728   0x08002728   0x00000094   Code   RO         4276    i.MQ2_Init          mq2.o
    0x080027bc   0x080027bc   0x00000030   Code   RO         4280    i.MQ2_ReadAverage   mq2.o
    0x080027ec   0x080027ec   0x00000024   Code   RO         4282    i.MQ2_ReadRaw       mq2.o
    0x08002810   0x08002810   0x00000004   Code   RO          357    i.MemManage_Handler  stm32f10x_it.o
    0x08002814   0x08002814   0x0000005c   Code   RO          417    i.Menu_Back         menu.o
    0x08002870   0x08002870   0x0000008c   Code   RO          418    i.Menu_Display      menu.o
    0x080028fc   0x080028fc   0x0000005c   Code   RO          419    i.Menu_Down         menu.o
    0x08002958   0x08002958   0x00000090   Code   RO          420    i.Menu_Enter        menu.o
    0x080029e8   0x080029e8   0x00000228   Code   RO          421    i.Menu_Init         menu.o
    0x08002c10   0x08002c10   0x0000003c   Code   RO          422    i.Menu_Up           menu.o
    0x08002c4c   0x08002c4c   0x00000002   Code   RO          358    i.NMI_Handler       stm32f10x_it.o
    0x08002c4e   0x08002c4e   0x00000002   PAD
    0x08002c50   0x08002c50   0x00000070   Code   RO          589    i.NVIC_Init         misc.o
    0x08002cc0   0x08002cc0   0x0000002a   Code   RO         3778    i.OLED_Clear        oled.o
    0x08002cea   0x08002cea   0x00000002   PAD
    0x08002cec   0x08002cec   0x00000050   Code   RO         3779    i.OLED_I2C_Init     oled.o
    0x08002d3c   0x08002d3c   0x00000054   Code   RO         3780    i.OLED_I2C_SendByte  oled.o
    0x08002d90   0x08002d90   0x00000034   Code   RO         3781    i.OLED_I2C_Start    oled.o
    0x08002dc4   0x08002dc4   0x00000028   Code   RO         3782    i.OLED_I2C_Stop     oled.o
    0x08002dec   0x08002dec   0x000000ae   Code   RO         3783    i.OLED_Init         oled.o
    0x08002e9a   0x08002e9a   0x00000014   Code   RO         3784    i.OLED_Pow          oled.o
    0x08002eae   0x08002eae   0x00000022   Code   RO         3785    i.OLED_SetCursor    oled.o
    0x08002ed0   0x08002ed0   0x00000074   Code   RO         3787    i.OLED_ShowChar     oled.o
    0x08002f44   0x08002f44   0x00000044   Code   RO         3789    i.OLED_ShowNum      oled.o
    0x08002f88   0x08002f88   0x00000028   Code   RO         3791    i.OLED_ShowString   oled.o
    0x08002fb0   0x08002fb0   0x00000020   Code   RO         3792    i.OLED_WriteCommand  oled.o
    0x08002fd0   0x08002fd0   0x00000020   Code   RO         3793    i.OLED_WriteData    oled.o
    0x08002ff0   0x08002ff0   0x00000002   Code   RO          359    i.PendSV_Handler    stm32f10x_it.o
    0x08002ff2   0x08002ff2   0x00000002   PAD
    0x08002ff4   0x08002ff4   0x00000020   Code   RO         2204    i.RCC_APB1PeriphClockCmd  stm32f10x_rcc.o
    0x08003014   0x08003014   0x00000020   Code   RO         2206    i.RCC_APB2PeriphClockCmd  stm32f10x_rcc.o
    0x08003034   0x08003034   0x000000d4   Code   RO         2214    i.RCC_GetClocksFreq  stm32f10x_rcc.o
    0x08003108   0x08003108   0x00000002   Code   RO          360    i.SVC_Handler       stm32f10x_it.o
    0x0800310a   0x0800310a   0x00000002   PAD
    0x0800310c   0x0800310c   0x00000080   Code   RO         4033    i.Send_Message_To_Phone  jdy-31.o
    0x0800318c   0x0800318c   0x00000008   Code   RO           24    i.SetSysClock       system_stm32f10x.o
    0x08003194   0x08003194   0x000000e0   Code   RO           25    i.SetSysClockTo72   system_stm32f10x.o
    0x08003274   0x08003274   0x00000002   Code   RO          361    i.SysTick_Handler   stm32f10x_it.o
    0x08003276   0x08003276   0x00000002   PAD
    0x08003278   0x08003278   0x00000060   Code   RO           27    i.SystemInit        system_stm32f10x.o
    0x080032d8   0x080032d8   0x000002e4   Code   RO          501    i.TempHum_View      action.o
    0x080035bc   0x080035bc   0x000000bc   Code   RO          502    i.Temp_Threshold_View  action.o
    0x08003678   0x08003678   0x000000ac   Code   RO         4034    i.UART3_init        jdy-31.o
    0x08003724   0x08003724   0x0000003c   Code   RO         4035    i.USART3_IRQHandler  jdy-31.o
    0x08003760   0x08003760   0x0000001e   Code   RO         3386    i.USART_ClearITPendingBit  stm32f10x_usart.o
    0x0800377e   0x0800377e   0x00000018   Code   RO         3389    i.USART_Cmd         stm32f10x_usart.o
    0x08003796   0x08003796   0x0000001a   Code   RO         3392    i.USART_GetFlagStatus  stm32f10x_usart.o
    0x080037b0   0x080037b0   0x00000054   Code   RO         3393    i.USART_GetITStatus  stm32f10x_usart.o
    0x08003804   0x08003804   0x0000004a   Code   RO         3395    i.USART_ITConfig    stm32f10x_usart.o
    0x0800384e   0x0800384e   0x00000002   PAD
    0x08003850   0x08003850   0x000000d8   Code   RO         3396    i.USART_Init        stm32f10x_usart.o
    0x08003928   0x08003928   0x0000000a   Code   RO         3403    i.USART_ReceiveData  stm32f10x_usart.o
    0x08003932   0x08003932   0x00000008   Code   RO         3406    i.USART_SendData    stm32f10x_usart.o
    0x0800393a   0x0800393a   0x00000002   PAD
    0x0800393c   0x0800393c   0x0000008c   Code   RO          185    i.Update_AHT20_LED  main.o
    0x080039c8   0x080039c8   0x00000050   Code   RO          186    i.Update_MQ2_LED    main.o
    0x08003a18   0x08003a18   0x00000030   Code   RO          187    i.Update_Sensor_Data  main.o
    0x08003a48   0x08003a48   0x00000098   Code   RO          188    i.Update_System_LED  main.o
    0x08003ae0   0x08003ae0   0x000000f4   Code   RO          504    i.Uptime_View       action.o
    0x08003bd4   0x08003bd4   0x00000004   Code   RO          362    i.UsageFault_Handler  stm32f10x_it.o
    0x08003bd8   0x08003bd8   0x00000028   Code   RO         4495    i.__ARM_fpclassify  m_ws.l(fpclassify.o)
    0x08003c00   0x08003c00   0x0000000e   Code   RO         4367    i._is_digit         c_w.l(__printf_wp.o)
    0x08003c0e   0x08003c0e   0x00000002   PAD
    0x08003c10   0x08003c10   0x00000060   Code   RO          423    i.create_item       menu.o
    0x08003c70   0x08003c70   0x00000034   Code   RO          424    i.link_siblings     menu.o
    0x08003ca4   0x08003ca4   0x00000174   Code   RO          189    i.main              main.o
    0x08003e18   0x08003e18   0x0000000e   Code   RO          425    i.set_child         menu.o
    0x08003e26   0x08003e26   0x00000002   PAD
    0x08003e28   0x08003e28   0x0000006c   Code   RO          426    i.update_display_items  menu.o
    0x08003e94   0x08003e94   0x0000002c   Code   RO         4491    locale$$code        c_w.l(lc_numeric_c.o)
    0x08003ec0   0x08003ec0   0x0000000c   Code   RO         4430    x$fpl$dretinf       fz_ws.l(dretinf.o)
    0x08003ecc   0x08003ecc   0x00000056   Code   RO         4388    x$fpl$f2d           fz_ws.l(f2d.o)
    0x08003f22   0x08003f22   0x00000002   PAD
    0x08003f24   0x08003f24   0x000000c4   Code   RO         4390    x$fpl$fadd          fz_ws.l(faddsub_clz.o)
    0x08003fe8   0x08003fe8   0x00000018   Code   RO         4432    x$fpl$fcmpinf       fz_ws.l(fcmpi.o)
    0x08004000   0x08004000   0x00000184   Code   RO         4397    x$fpl$fdiv          fz_ws.l(fdiv.o)
    0x08004184   0x08004184   0x0000003e   Code   RO         4400    x$fpl$ffixu         fz_ws.l(ffixu.o)
    0x080041c2   0x080041c2   0x00000002   PAD
    0x080041c4   0x080041c4   0x00000026   Code   RO         4404    x$fpl$ffltu         fz_ws.l(fflt_clz.o)
    0x080041ea   0x080041ea   0x00000002   PAD
    0x080041ec   0x080041ec   0x00000068   Code   RO         4410    x$fpl$fleqf         fz_ws.l(fleqf.o)
    0x08004254   0x08004254   0x00000102   Code   RO         4412    x$fpl$fmul          fz_ws.l(fmul.o)
    0x08004356   0x08004356   0x0000008c   Code   RO         4434    x$fpl$fnaninf       fz_ws.l(fnaninf.o)
    0x080043e2   0x080043e2   0x0000000a   Code   RO         4436    x$fpl$fretinf       fz_ws.l(fretinf.o)
    0x080043ec   0x080043ec   0x00000062   Code   RO         4414    x$fpl$frleqf        fz_ws.l(frleqf.o)
    0x0800444e   0x0800444e   0x00000002   PAD
    0x08004450   0x08004450   0x000000ea   Code   RO         4392    x$fpl$fsub          fz_ws.l(faddsub_clz.o)
    0x0800453a   0x0800453a   0x00000004   Code   RO         4416    x$fpl$printf1       fz_ws.l(printf1.o)
    0x0800453e   0x0800453e   0x00000000   Code   RO         4438    x$fpl$usenofp       fz_ws.l(usenofp.o)
    0x0800453e   0x0800453e   0x000005f0   Data   RO         3794    .constdata          oled.o
    0x08004b2e   0x08004b2e   0x00000002   PAD
    0x08004b30   0x08004b30   0x00000094   Data   RO         4466    .constdata          c_w.l(bigflt0.o)
    0x08004bc4   0x08004bc4   0x00000020   Data   RO         4636    Region$$Table       anon$$obj.o
    0x08004be4   0x08004be4   0x0000001c   Data   RO         4490    locale$$data        c_w.l(lc_numeric_c.o)


    Execution Region RW_IRAM1 (Exec base: 0x20000000, Load base: 0x08004c00, Size: 0x00000b90, Max: 0x00005000, ABSOLUTE)

    Exec Addr    Load Addr    Size         Type   Attr      Idx    E Section Name        Object

    0x20000000   0x08004c00   0x00000020   Data   RW          190    .data               main.o
    0x20000020   0x08004c20   0x00000001   Data   RW          428    .data               menu.o
    0x20000021   0x08004c21   0x00000003   PAD
    0x20000024   0x08004c24   0x00000020   Data   RW          505    .data               action.o
    0x20000044   0x08004c44   0x00000014   Data   RW         2234    .data               stm32f10x_rcc.o
    0x20000058   0x08004c58   0x00000003   Data   RW         4037    .data               jdy-31.o
    0x2000005b   0x08004c5b   0x00000001   Data   RW         4184    .data               l9110.o
    0x2000005c   0x08004c5c   0x00000006   Data   RW         4284    .data               mq2.o
    0x20000062   0x08004c62   0x00000002   PAD
    0x20000064        -       0x000004cc   Zero   RW          427    .bss                menu.o
    0x20000530        -       0x00000060   Zero   RW         4498    .bss                c_w.l(libspace.o)
    0x20000590        -       0x00000200   Zero   RW           18    HEAP                startup_stm32f10x_md.o
    0x20000790        -       0x00000400   Zero   RW           17    STACK               startup_stm32f10x_md.o


==============================================================================

Image component sizes


      Code (inc. data)   RO Data    RW Data    ZI Data      Debug   Object Name

      3208       1308          0         32          0       8098   action.o
      1134         58          0          0          0       8982   aht20.o
        98         14          0          0          0      10065   buzzer.o
         0          0          0          0          0       4532   core_cm3.o
        70          0          0          0          0     202566   delay.o
       360         30          0          3          0       2400   jdy-31.o
       236         10          0          0          0       1016   key.o
       200         20          0          1          0       2466   l9110.o
       204         44          0          0          0       2850   led.o
        76         10          0          0          0        950   light.o
       812        188          0         32          0     230719   main.o
      1350        290          0          1       1228       7035   menu.o
       112         12          0          0          0       2544   misc.o
       296         26          0          6          0       2922   mq2.o
       814         22       1520          0          0       7341   oled.o
        64         26        236          0       1536        772   startup_stm32f10x_md.o
       394         10          0          0          0      16465   stm32f10x_adc.o
       314          0          0          0          0      12236   stm32f10x_gpio.o
        26          0          0          0          0       3614   stm32f10x_it.o
       276         32          0         20          0      12878   stm32f10x_rcc.o
       472          6          0          0          0      12339   stm32f10x_usart.o
       328         28          0          0          0      18797   system_stm32f10x.o

    ----------------------------------------------------------------------
     10870       2134       1790        100       2764     571587   Object Totals
         0          0         32          0          0          0   (incl. Generated)
        26          0          2          5          0          0   (incl. Padding)

    ----------------------------------------------------------------------

      Code (inc. data)   RO Data    RW Data    ZI Data      Debug   Library Member Name

         8          0          0          0          0         68   __main.o
       352          0          0          0          0         88   __printf_ss_wp.o
        14          0          0          0          0         68   __printf_wp.o
         0          0          0          0          0          0   __rtentry.o
        12          0          0          0          0          0   __rtentry2.o
         6          0          0          0          0          0   __rtentry4.o
        52          8          0          0          0          0   __scatter.o
        26          0          0          0          0          0   __scatter_copy.o
        28          0          0          0          0          0   __scatter_zi.o
        44          0          0          0          0        108   _printf_char.o
        48          6          0          0          0         96   _printf_char_common.o
         6          0          0          0          0          0   _printf_d.o
       120         16          0          0          0         92   _printf_dec.o
         6          0          0          0          0          0   _printf_f.o
      1054          0          0          0          0        216   _printf_fp_dec.o
       128         16          0          0          0         84   _printf_fp_infnan.o
       178          0          0          0          0         88   _printf_intcommon.o
         0          0          0          0          0          0   _printf_percent.o
         4          0          0          0          0          0   _printf_percent_end.o
         6          0          0          0          0          0   _printf_s.o
        82          0          0          0          0         80   _printf_str.o
         6          0          0          0          0          0   _printf_u.o
        10          0          0          0          0         68   _sputc.o
       228          4        148          0          0         96   bigflt0.o
      1936        128          0          0          0        672   btod.o
        18          0          0          0          0         80   exit.o
         6          0          0          0          0        152   heapauxi.o
         0          0          0          0          0          0   indicate_semi.o
        44         10         28          0          0         76   lc_numeric_c.o
         2          0          0          0          0          0   libinit.o
        18          0          0          0          0          0   libinit2.o
         2          0          0          0          0          0   libshutdown.o
         2          0          0          0          0          0   libshutdown2.o
         8          4          0          0         96         68   libspace.o
       138          0          0          0          0         80   lludiv10.o
        40          6          0          0          0         84   noretval__2sprintf.o
         8          4          0          0          0         68   rt_locale_intlibspace.o
         2          0          0          0          0          0   rtexit.o
        10          0          0          0          0          0   rtexit2.o
       128          0          0          0          0         68   strcmpv7m.o
        36          0          0          0          0         80   strstr.o
        12          4          0          0          0         68   sys_exit.o
        74          0          0          0          0         80   sys_stackheap_outer.o
         2          0          0          0          0         68   use_no_semi.o
        12          0          0          0          0         68   dretinf.o
        86          4          0          0          0         84   f2d.o
       430          8          0          0          0        168   faddsub_clz.o
        24          0          0          0          0         68   fcmpi.o
       388         76          0          0          0         96   fdiv.o
        62          4          0          0          0         84   ffixu.o
        38          0          0          0          0         68   fflt_clz.o
       104          4          0          0          0         84   fleqf.o
       258          4          0          0          0         84   fmul.o
       140          4          0          0          0         84   fnaninf.o
        10          0          0          0          0         68   fretinf.o
        98          0          0          0          0         68   frleqf.o
         4          0          0          0          0         68   printf1.o
         0          0          0          0          0          0   usenofp.o
        40          0          0          0          0         68   fpclassify.o

    ----------------------------------------------------------------------
      6620        310        176          0         96       3956   Library Totals
        22          0          0          0          0          0   (incl. Padding)

    ----------------------------------------------------------------------

      Code (inc. data)   RO Data    RW Data    ZI Data      Debug   Library Name

      4904        206        176          0         96       2796   c_w.l
      1654        104          0          0          0       1092   fz_ws.l
        40          0          0          0          0         68   m_ws.l

    ----------------------------------------------------------------------
      6620        310        176          0         96       3956   Library Totals

    ----------------------------------------------------------------------

==============================================================================


      Code (inc. data)   RO Data    RW Data    ZI Data      Debug   

     17490       2444       1966        100       2860     567063   Grand Totals
     17490       2444       1966        100       2860     567063   ELF Image Totals
     17490       2444       1966        100          0          0   ROM Totals

==============================================================================

    Total RO  Size (Code + RO Data)                19456 (  19.00kB)
    Total RW  Size (RW Data + ZI Data)              2960 (   2.89kB)
    Total ROM Size (Code + RO Data + RW Data)      19556 (  19.10kB)

==============================================================================

